[growhub.themepul.com/index.html]
[backblue.gif]
[fade.gif]
[index.html]
[growhub.themepul.com/wp-content/plugins/contact-form-7/includes/css/styles6dcf.css]
[growhub.themepul.com/comments/feed/index.html]
[growhub.themepul.com/feed/index.html]
[use.fontawesome.com/releases/v5.13.0/css/all05c8.css]
[growhub.themepul.com/wp-content/plugins/growhub-core/assets/css/flaticonf269.css]
[use.fontawesome.com/releases/v5.13.0/css/v4-shims05c8.css]
[growhub.themepul.com/wp-content/plugins/growhub-core/assets/css/owlf269.css]
[growhub.themepul.com/wp-content/plugins/purchase-button/assets/css/purchase-button84fc.css]
[growhub.themepul.com/wp-content/plugins/growhub-core/assets/css/animate-minf269.css]
[growhub.themepul.com/wp-content/plugins/growhub-core/assets/css/custom-widgetsf269.css]
[growhub.themepul.com/wp-content/plugins/woocommerce/assets/css/woocommerce-layout9b80.css]
[growhub.themepul.com/wp-content/plugins/woocommerce/assets/css/woocommerce-smallscreen9b80.css]
[growhub.themepul.com/wp-content/plugins/woocommerce/assets/css/woocommerce9b80.css]
[growhub.themepul.com/wp-content/themes/growhub/assets/popup/magnific-popupf269.css]
[growhub.themepul.com/wp-content/themes/growhub/assets/bootstrap/bootstrap-iconsf269.css]
[growhub.themepul.com/wp-content/themes/growhub/assets/bootstrap/bootstrap-minf269.css]
[growhub.themepul.com/wp-content/themes/growhub/assets/slick/slickf269.css]
[growhub.themepul.com/wp-content/themes/growhub/assets/css/fontawesome-allf269.css]
[growhub.themepul.com/wp-content/themes/growhub/assets/css/animationf269.css]
[growhub.themepul.com/wp-content/themes/growhub/assets/css/themef269.css]
[growhub.themepul.com/wp-content/themes/growhub/stylef269.css]
[growhub.themepul.com/wp-content/themes/growhub/assets/css/typographyf269.css]
[growhub.themepul.com/wp-content/plugins/woocommerce/assets/fonts/star.eot]
[growhub.themepul.com/wp-content/themes/growhub/woocommerce84fc.css]
[growhub.themepul.com/wp-content/plugins/woocommerce/assets/fonts/stard41d.eot]
[growhub.themepul.com/wp-content/plugins/woocommerce/assets/fonts/star.woff]
[growhub.themepul.com/wp-content/plugins/woocommerce/assets/fonts/star.ttf]
[growhub.themepul.com/wp-content/plugins/woocommerce/assets/fonts/star.svg]
[growhub.themepul.com/wp-content/plugins/elementor/assets/css/modules/lazyload/frontend.min78fb.css]
[growhub.themepul.com/wp-content/plugins/elementor/assets/lib/eicons/css/elementor-icons.mind54b.css]
[growhub.themepul.com/wp-content/plugins/elementor/assets/lib/swiper/v8/css/swiper.min94a4.css]
[growhub.themepul.com/wp-content/uploads/elementor/css/custom-frontend-lite.min45b7.css]
[growhub.themepul.com/wp-content/uploads/elementor/css/post-645b7.css]
[growhub.themepul.com/wp-content/plugins/elementor/assets/lib/font-awesome/css/v4-shims.min78fb.css]
[growhub.themepul.com/wp-content/uploads/elementor/css/post-9ac17.css]
[growhub.themepul.com/wp-content/plugins/elementor/assets/lib/font-awesome/css/all.min78fb.css]
[growhub.themepul.com/wp-content/plugins/elementor/assets/lib/font-awesome/css/solid.min52d5.css]
[growhub.themepul.com/wp-content/plugins/elementor/assets/lib/font-awesome/css/fontawesome.min52d5.css]
[growhub.themepul.com/wp-content/plugins/woocommerce/assets/js/jquery-blockui/jquery.blockUI.minac72.js]
[growhub.themepul.com/wp-content/plugins/woocommerce/assets/js/frontend/add-to-cart.min9b80.js]
[growhub.themepul.com/wp-includes/js/jquery/jquery.minf43b.js]
[growhub.themepul.com/wp-content/plugins/woocommerce/assets/js/js-cookie/js.cookie.minde0b.js]
[growhub.themepul.com/wp-includes/js/jquery/jquery-migrate.min5589.js]
[growhub.themepul.com/wp-content/plugins/woocommerce/assets/js/frontend/woocommerce.min9b80.js]
[growhub.themepul.com/wp-content/plugins/elementor/assets/lib/font-awesome/js/v4-shims.min78fb.js]
[growhub.themepul.com/xmlrpc0db0.php]
[growhub.themepul.com/wp-json/wp/v2/pages/9.json]
[growhub.themepul.com/wp-json/oembed/1.0/embed7f45.json]
[growhub.themepul.com/wp-json/oembed/1.0/embed7cda]
[growhub.themepul.com/wp-content/uploads/2023/12/page-titless.jpg]
[growhub.themepul.com/wp-content/uploads/2023/12/cropped-GrowHub-32x32.png]
[growhub.themepul.com/wp-content/uploads/2023/12/cropped-GrowHub-192x192.png]
[growhub.themepul.com/wp-json/index.html]
[growhub.themepul.com/wp-content/uploads/2023/12/cropped-GrowHub-180x180.png]
[growhub.themepul.com/wp-content/uploads/2023/11/GrowHub-white.svg]
[growhub.themepul.com/wp-content/uploads/2023/11/GrowHub.svg]
[growhub.themepul.com/home-three/index.html]
[growhub.themepul.com/home-two/index.html]
[growhub.themepul.com/about-us/index.html]
[growhub.themepul.com/about-three/index.html]
[growhub.themepul.com/wp-content/uploads/2023/12/hero-banner.jpg]
[growhub.themepul.com/services/index.html]
[growhub.themepul.com/about-two/index.html]
[growhub.themepul.com/wp-content/uploads/2023/12/service-tab-bg.jpg]
[growhub.themepul.com/services-2/index.html]
[growhub.themepul.com/wp-content/uploads/2023/11/team-2-257x300.jpg]
[growhub.themepul.com/services-three/index.html]
[growhub.themepul.com/services/consulting-services/index.html]
[growhub.themepul.com/services/digital-business-solution/index.html]
[growhub.themepul.com/wp-content/uploads/2023/11/team-5-257x300.jpg]
[growhub.themepul.com/services/financial-consultancy/index.html]
[growhub.themepul.com/services/digital-strategy-planning/index.html]
[growhub.themepul.com/wp-content/uploads/2023/11/team-6-257x300.jpg]
[growhub.themepul.com/services/strategy-development/index.html]
[growhub.themepul.com/wp-content/uploads/2023/11/team-member-1-257x300.jpg]
[growhub.themepul.com/pricing/index.html]
[growhub.themepul.com/appointment/index.html]
[growhub.themepul.com/wp-content/uploads/2023/11/portfolio-1.jpg]
[growhub.themepul.com/projects/index.html]
[growhub.themepul.com/growhub-portfolio/manage-client-hub/index.html]
[growhub.themepul.com/team-one/index.html]
[growhub.themepul.com/wp-content/uploads/2023/11/portfolio-2.jpg]
[growhub.themepul.com/team-two/index.html]
[growhub.themepul.com/growhub-team/monia-zillan/index.html]
[growhub.themepul.com/shop/index.html]
[growhub.themepul.com/wp-content/uploads/2023/11/portfolio-3.jpg]
[growhub.themepul.com/product/power-supply/index.html]
[growhub.themepul.com/my-account/index.html]
[growhub.themepul.com/wp-content/uploads/2023/11/portfolio-4.png]
[growhub.themepul.com/cart/index.html]
[growhub.themepul.com/wp-content/uploads/2023/12/message.jpg]
[growhub.themepul.com/blog/index.html]
[growhub.themepul.com/a-corporate-guide-to-continuous-improvement/index.html]
[growhub.themepul.com/wp-content/uploads/2023/12/about.png]
[growhub.themepul.com/contact-us/index.html]
[growhub.themepul.com/wp-content/uploads/2023/11/blogs1.jpg]
[growhub.themepul.com/growhub-team/mauser-daniel/index.html]
[growhub.themepul.com/growhub-team/ambert-daniel/index.html]
[growhub.themepul.com/growhub-team/latina-lucas/index.html]
[growhub.themepul.com/wp-content/uploads/2023/11/blogs2.jpg]
[growhub.themepul.com/growhub-portfolio-category/business/index.html]
[growhub.themepul.com/growhub-portfolio/startup-solution/index.html]
[growhub.themepul.com/wp-content/uploads/2023/11/blogs3.jpg]
[growhub.themepul.com/growhub-portfolio/business-growth/index.html]
[growhub.themepul.com/growhub-portfolio-category/strategy/index.html]
[growhub.themepul.com/wp-content/uploads/elementor/css/post-66645b7.css]
[growhub.themepul.com/growhub-portfolio-category/corporate/index.html]
[growhub.themepul.com/growhub-portfolio-category/startup/index.html]
[growhub.themepul.com/wp-content/uploads/elementor/css/post-7225a72.css]
[growhub.themepul.com/growhub-portfolio/corporate-startup/index.html]
[growhub.themepul.com/growhub-portfolio/growth-manage/index.html]
[growhub.themepul.com/wp-content/plugins/elementor/assets/lib/font-awesome/css/brands.min52d5.css]
[growhub.themepul.com/category/business/index.html]
[growhub.themepul.com/exploring-the-full-spectrum-of-digital-marketings-influence-and-impact-in-the-21st/index.html]
[growhub.themepul.com/wp-content/plugins/growhub-core/assets/css/flaticon8a54.css]
[growhub.themepul.com/delivering-memorable-and-building-brand-the-company-loyalty-zone/index.html]
[growhub.themepul.com/category/meeting/index.html]
[growhub.themepul.com/wp-content/plugins/elementor/assets/lib/font-awesome/css/regular.min52d5.css]
[growhub.themepul.com/mastery-of-creative-problem-solving-in-your-startup-office-business-plan/index.html]
[growhub.themepul.com/wp-content/plugins/contact-form-7/includes/js/index6dcf.js]
[growhub.themepul.com/category/projects/index.html]
[growhub.themepul.com/wp-content/plugins/growhub-core/assets/js/counterup.min5152.js]
[growhub.themepul.com/wp-content/plugins/growhub-core/assets/js/count-tof269.js]
[growhub.themepul.com/wp-content/plugins/woocommerce/assets/js/sourcebuster/sourcebuster.min9b80.js]
[growhub.themepul.com/wp-content/plugins/woocommerce/assets/js/frontend/order-attribution.min9b80.js]
[growhub.themepul.com/wp-content/plugins/growhub-core/assets/js/appear5152.js]
[growhub.themepul.com/wp-content/plugins/contact-form-7/includes/swv/js/index6dcf.js]
[growhub.themepul.com/wp-content/themes/growhub/assets/popup/jquery-magnific-popup-minf269.js]
[growhub.themepul.com/wp-content/themes/growhub/assets/slick/slick-minf269.js]
[growhub.themepul.com/wp-content/themes/growhub/assets/bootstrap/bootstrap-minf269.js]
[growhub.themepul.com/wp-content/themes/growhub/assets/js/themef269.js]
[growhub.themepul.com/wp-content/plugins/mailchimp-for-wp/assets/js/forms433d.js]
[growhub.themepul.com/wp-content/plugins/elementor/assets/js/webpack.runtime.min78fb.js]
[growhub.themepul.com/wp-content/themes/growhub/assets/bootstrap/popper-minf269.js]
[growhub.themepul.com/wp-content/plugins/elementor/assets/lib/waypoints/waypoints.min05da.js]
[growhub.themepul.com/wp-content/plugins/elementor/assets/js/frontend-modules.min78fb.js]
[growhub.themepul.com/wp-content/plugins/growhub-core/elementor-widgets/control/shape8a54.js]
[growhub.themepul.com/index.html]
[growhub.themepul.com/wp-content/plugins/contact-form-7/includes/css/styles6dcf.css]
[use.fontawesome.com/releases/v5.13.0/css/all05c8.css]
[use.fontawesome.com/releases/v5.13.0/css/v4-shims05c8.css]
[growhub.themepul.com/wp-includes/js/jquery/ui/core.min3f14.js]
[growhub.themepul.com/wp-content/plugins/growhub-core/assets/fonts/Flaticon.woff2]
[growhub.themepul.com/wp-content/plugins/growhub-core/assets/css/flaticonf269.css]
[growhub.themepul.com/wp-content/plugins/elementor/assets/js/frontend.min78fb.js]
[growhub.themepul.com/wp-content/plugins/growhub-core/assets/css/owl.video.play.png]
[growhub.themepul.com/wp-content/plugins/growhub-core/assets/fonts/Flaticon.woff]
[growhub.themepul.com/wp-content/plugins/growhub-core/assets/images/cross-out.png]
[growhub.themepul.com/wp-content/plugins/growhub-core/assets/css/owlf269.css]
[growhub.themepul.com/wp-content/plugins/growhub-core/assets/css/backendf269.css]
[growhub.themepul.com/wp-content/plugins/growhub-core/assets/css/animate-minf269.css]
[growhub.themepul.com/wp-content/plugins/growhub-core/assets/img/process-line.svg]
[growhub.themepul.com/wp-content/plugins/growhub-core/assets/css/custom-widgetsf269.css]
[growhub.themepul.com/wp-content/plugins/purchase-button/assets/css/purchase-button84fc.css]
[growhub.themepul.com/wp-content/plugins/purchase-button/assets/css/purchase-inline84fc.css]
[growhub.themepul.com/wp-content/plugins/woocommerce/assets/css/woocommerce-layout9b80.css]
[growhub.themepul.com/wp-content/plugins/woocommerce/assets/css/woocommerce-smallscreen9b80.css]
[growhub.themepul.com/wp-content/plugins/woocommerce/assets/fonts/WooCommerce.eot]
[growhub.themepul.com/wp-content/plugins/woocommerce/assets/fonts/WooCommerced41d.eot]
[growhub.themepul.com/wp-content/plugins/woocommerce/assets/fonts/WooCommerce.woff]
[growhub.themepul.com/wp-content/plugins/woocommerce/assets/fonts/WooCommerce.svg]
[growhub.themepul.com/wp-content/plugins/woocommerce/assets/images/icons/credit-cards/visa.svg]
[growhub.themepul.com/wp-content/plugins/woocommerce/assets/images/icons/credit-cards/mastercard.svg]
[growhub.themepul.com/wp-content/plugins/woocommerce/assets/images/icons/credit-cards/laser.svg]
[growhub.themepul.com/wp-content/plugins/woocommerce/assets/fonts/WooCommerce.ttf]
[growhub.themepul.com/wp-content/plugins/woocommerce/assets/images/icons/credit-cards/diners.svg]
[growhub.themepul.com/wp-content/plugins/woocommerce/assets/images/icons/credit-cards/maestro.svg]
[growhub.themepul.com/wp-content/plugins/woocommerce/assets/images/icons/credit-cards/jcb.svg]
[growhub.themepul.com/wp-content/plugins/woocommerce/assets/css/woocommerce9b80.css]
[growhub.themepul.com/wp-content/themes/growhub/assets/bootstrap/bootstrap-minf269.css]
[growhub.themepul.com/wp-content/plugins/woocommerce/assets/images/icons/credit-cards/discover.svg]
[growhub.themepul.com/wp-content/themes/growhub/fonts/bootstrap-icons.woff2]
[growhub.themepul.com/wp-content/plugins/woocommerce/assets/images/icons/credit-cards/amex.svg]
[growhub.themepul.com/wp-content/themes/growhub/assets/bootstrap/bootstrap-iconsf269.css]
[growhub.themepul.com/wp-content/themes/growhub/assets/popup/magnific-popupf269.css]
[growhub.themepul.com/wp-content/themes/growhub/assets/slick/slickf269.css]
[growhub.themepul.com/wp-content/themes/growhub/fonts/fa-brands-400.woff2]
[growhub.themepul.com/wp-content/themes/growhub/fonts/fa-duotone-900.woff2]
[growhub.themepul.com/wp-content/themes/growhub/fonts/bootstrap-icons.woff]
[growhub.themepul.com/wp-content/themes/growhub/fonts/fa-brands-400.woff]
[growhub.themepul.com/wp-content/themes/growhub/fonts/fa-light-300.woff2]
[growhub.themepul.com/wp-content/themes/growhub/fonts/fa-regular-400.woff2]
[growhub.themepul.com/wp-content/themes/growhub/fonts/fa-light-300.woff]
[growhub.themepul.com/wp-content/themes/growhub/fonts/fa-solid-900.woff2]
[growhub.themepul.com/wp-content/themes/growhub/fonts/fa-duotone-900.woff]
[growhub.themepul.com/wp-content/themes/growhub/assets/css/fontawesome-allf269.css]
[growhub.themepul.com/wp-content/themes/growhub/assets/css/animationf269.css]
[growhub.themepul.com/wp-content/themes/growhub/fonts/fa-regular-400.woff]
[growhub.themepul.com/wp-content/themes/growhub/assets/image/page-title.png]
[growhub.themepul.com/wp-content/themes/growhub/assets/css/typographyf269.css]
[growhub.themepul.com/wp-content/themes/growhub/assets/css/themef269.css]
[growhub.themepul.com/wp-content/themes/growhub/stylef269.css]
[growhub.themepul.com/wp-content/themes/growhub/assets/css/inline-stylef269.css]
[growhub.themepul.com/wp-content/themes/growhub/woocommerce84fc.css]
[growhub.themepul.com/wp-content/plugins/woocommerce/assets/fonts/star.svg]
[growhub.themepul.com/wp-content/plugins/elementor/assets/css/modules/lazyload/frontend.min78fb.css]
[growhub.themepul.com/wp-content/uploads/elementor/css/custom-frontend-lite.min45b7.css]
[growhub.themepul.com/wp-content/plugins/growhub-core/inc/growhub-template-library/templates/assets/css/template-frontend.min8a54.css]
[growhub.themepul.com/wp-content/plugins/elementor/assets/lib/eicons/fonts/eicons8016.woff2]
[growhub.themepul.com/wp-content/themes/growhub/fonts/fa-solid-900.woff]
[growhub.themepul.com/wp-content/plugins/elementor/assets/lib/eicons/fonts/eicons8016.woff]
[growhub.themepul.com/wp-content/plugins/elementor/assets/lib/eicons/fonts/eicons8016.eot]
[growhub.themepul.com/wp-content/plugins/elementor/assets/lib/eicons/css/elementor-icons.mind54b.css]
[growhub.themepul.com/wp-content/plugins/elementor/assets/lib/swiper/v8/css/swiper.min94a4.css]
[growhub.themepul.com/wp-content/uploads/elementor/css/post-645b7.css]
[growhub.themepul.com/wp-content/plugins/elementor/assets/lib/eicons/fonts/eicons8016.ttf]
[growhub.themepul.com/wp-content/plugins/elementor/assets/lib/font-awesome/webfonts/fa-brands-400.woff2]
[growhub.themepul.com/wp-content/plugins/elementor/assets/lib/font-awesome/webfonts/fa-brands-400d41d.eot]
[growhub.themepul.com/wp-content/plugins/elementor/assets/lib/eicons/fonts/eicons8016.svg]
[growhub.themepul.com/wp-content/plugins/elementor/assets/lib/font-awesome/webfonts/fa-brands-400.eot]
[growhub.themepul.com/wp-content/plugins/elementor/assets/lib/font-awesome/webfonts/fa-brands-400.woff]
[growhub.themepul.com/wp-content/plugins/elementor/assets/lib/font-awesome/webfonts/fa-regular-400.eot]
[growhub.themepul.com/wp-content/plugins/elementor/assets/lib/font-awesome/webfonts/fa-brands-400.ttf]
[growhub.themepul.com/wp-content/plugins/elementor/assets/lib/font-awesome/webfonts/fa-regular-400.woff2]
[growhub.themepul.com/wp-content/plugins/elementor/assets/lib/font-awesome/webfonts/fa-regular-400d41d.eot]
[growhub.themepul.com/wp-content/plugins/elementor/assets/lib/font-awesome/webfonts/fa-regular-400.ttf]
[growhub.themepul.com/wp-content/plugins/elementor/assets/lib/font-awesome/webfonts/fa-regular-400.woff]
[growhub.themepul.com/wp-content/plugins/elementor/assets/lib/font-awesome/webfonts/fa-regular-400.svg]
[growhub.themepul.com/wp-content/plugins/elementor/assets/lib/font-awesome/webfonts/fa-solid-900.woff2]
[growhub.themepul.com/wp-content/plugins/elementor/assets/lib/font-awesome/webfonts/fa-solid-900.eot]
[growhub.themepul.com/wp-content/plugins/elementor/assets/lib/font-awesome/webfonts/fa-brands-400.svg]
[growhub.themepul.com/wp-content/plugins/elementor/assets/lib/font-awesome/webfonts/fa-solid-900d41d.eot]
[growhub.themepul.com/wp-content/plugins/elementor/assets/lib/font-awesome/css/all.min78fb.css]
[growhub.themepul.com/wp-content/plugins/elementor/assets/lib/font-awesome/css/v4-shims.min78fb.css]
[growhub.themepul.com/wp-content/uploads/2023/12/service-shape.png]
[growhub.themepul.com/wp-content/uploads/2023/12/banner.jpg]
[growhub.themepul.com/wp-content/plugins/elementor/assets/lib/font-awesome/webfonts/fa-solid-900.woff]
[growhub.themepul.com/wp-content/uploads/2023/12/teamsahres.png]
[growhub.themepul.com/wp-content/uploads/2023/12/watch.png]
[growhub.themepul.com/wp-content/plugins/elementor/assets/lib/font-awesome/webfonts/fa-solid-900.ttf]
[growhub.themepul.com/wp-content/uploads/2023/12/apportments.jpg]
[growhub.themepul.com/wp-content/uploads/elementor/css/post-9ac17.css]
[growhub.themepul.com/wp-content/plugins/elementor/assets/lib/font-awesome/css/fontawesome.min52d5.css]
[growhub.themepul.com/wp-content/plugins/elementor/assets/lib/font-awesome/css/solid.min52d5.css]
[growhub.themepul.com/wp-includes/js/jquery/jquery.minf43b.js]
[growhub.themepul.com/wp-includes/js/jquery/jquery-migrate.min5589.js]
[growhub.themepul.com/wp-content/plugins/woocommerce/assets/js/jquery-blockui/jquery.blockUI.minac72.js]
[growhub.themepul.com/wp-content/plugins/woocommerce/assets/js/frontend/add-to-cart.min9b80.js]
[growhub.themepul.com/wp-content/plugins/woocommerce/assets/js/js-cookie/js.cookie.minde0b.js]
[growhub.themepul.com/wp-content/plugins/woocommerce/assets/js/frontend/woocommerce.min9b80.js]
[growhub.themepul.com/wp-content/plugins/elementor/assets/lib/font-awesome/js/v4-shims.min78fb.js]
[growhub.themepul.com/Trident/index.html]
[growhub.themepul.com/wp-content/uploads/2023/11/GrowHub-white.svg]
[growhub.themepul.com/wp-content/uploads/elementor/css/post-16417b31.css]
[growhub.themepul.com/wp-json/oembed/1.0/embedb090.json]
[growhub.themepul.com/wp-json/wp/v2/pages/1641.json]
[growhub.themepul.com/wp-json/oembed/1.0/embedc49e]
[growhub.themepul.com/wp-content/uploads/2023/12/home-2-slider-1.jpg]
[growhub.themepul.com/wp-content/plugins/elementor/assets/lib/font-awesome/webfonts/fa-solid-900.svg]
[growhub.themepul.com/wp-content/uploads/2023/12/slider-2shape.svg]
[growhub.themepul.com/wp-content/uploads/2023/12/slider-2.jpg]
[growhub.themepul.com/wp-content/uploads/2023/12/about-two.jpg]
[growhub.themepul.com/wp-content/uploads/2023/12/company-growub.png]
[growhub.themepul.com/wp-content/uploads/2023/12/side-img.png]
[growhub.themepul.com/wp-content/uploads/2023/12/contact-h-1.jpg]
[growhub.themepul.com/wp-content/uploads/2023/12/Group-161-300x209.png]
[growhub.themepul.com/wp-content/uploads/elementor/css/post-6817b31.css]
[growhub.themepul.com/wp-content/uploads/elementor/css/post-17547b31.css]
[growhub.themepul.com/wp-content/uploads/elementor/css/post-17657b31.css]
[growhub.themepul.com/home-two/index.html]
[growhub.themepul.com/wp-content/uploads/elementor/css/post-79562ba.css]
[growhub.themepul.com/wp-content/uploads/elementor/css/post-18134db0.css]
[growhub.themepul.com/wp-json/oembed/1.0/embed8591.json]
[growhub.themepul.com/wp-json/wp/v2/pages/1813.json]
[growhub.themepul.com/wp-json/oembed/1.0/embed8363]
[growhub.themepul.com/wp-content/uploads/2023/12/slider-1-home-3.jpg]
[growhub.themepul.com/wp-content/uploads/2023/12/slider-2-home-3.jpg]
[growhub.themepul.com/wp-content/uploads/2023/12/slider-3-home-3.jpg]
[growhub.themepul.com/wp-content/uploads/2023/12/about-3-1.png]
[growhub.themepul.com/wp-content/uploads/2023/12/about-3-2.png]
[growhub.themepul.com/wp-content/uploads/2023/11/team-5-150x150.jpg]
[growhub.themepul.com/wp-content/uploads/2023/12/s-6.png]
[growhub.themepul.com/wp-content/uploads/2023/12/s-5.png]
[growhub.themepul.com/wp-content/uploads/2023/12/s-4.png]
[growhub.themepul.com/wp-content/uploads/2023/12/s-3.png]
[growhub.themepul.com/wp-content/uploads/2023/12/s-2.png]
[growhub.themepul.com/wp-content/uploads/2023/12/s-1.png]
[growhub.themepul.com/wp-content/uploads/2023/11/team-4.jpg]
[growhub.themepul.com/wp-content/uploads/2023/11/team-5.jpg]
[growhub.themepul.com/wp-content/uploads/2023/11/team-member-1.jpg]
[growhub.themepul.com/growhub-team/daniel-smith/index.html]
[growhub.themepul.com/wp-content/uploads/2023/11/team-3.jpg]
[growhub.themepul.com/wp-content/uploads/2023/12/faq.jpg]
[growhub.themepul.com/wp-content/uploads/elementor/css/post-6824db0.css]
[growhub.themepul.com/wp-content/uploads/elementor/css/post-7964db0.css]
[growhub.themepul.com/home-three/index.html]
[growhub.themepul.com/wp-content/uploads/elementor/css/post-1550e4ff.css]
[growhub.themepul.com/wp-json/wp/v2/pages/1550.json]
[growhub.themepul.com/wp-json/oembed/1.0/embed4745.json]
[growhub.themepul.com/wp-json/oembed/1.0/embedeff4]
[growhub.themepul.com/wp-content/uploads/2023/12/about-page-img2.png]
[growhub.themepul.com/wp-content/uploads/2023/12/about-page-img.png]
[growhub.themepul.com/wp-content/uploads/2023/12/about-us-about-page.jpg]
[growhub.themepul.com/about-us/index.html]
[growhub.themepul.com/wp-content/uploads/elementor/css/post-47299900.css]
[growhub.themepul.com/wp-json/wp/v2/pages/4729.json]
[growhub.themepul.com/wp-json/oembed/1.0/embed602f.json]
[growhub.themepul.com/about-two/index.html]
[growhub.themepul.com/wp-json/oembed/1.0/embedcf53]
[growhub.themepul.com/wp-content/uploads/elementor/css/post-47348e25.css]
[growhub.themepul.com/wp-json/wp/v2/pages/4734.json]
[growhub.themepul.com/wp-json/oembed/1.0/embed9ce4.json]
[growhub.themepul.com/about-three/index.html]
[growhub.themepul.com/wp-json/oembed/1.0/embed4b62]
[growhub.themepul.com/wp-content/uploads/elementor/css/post-1556f563.css]
[growhub.themepul.com/wp-json/wp/v2/pages/1556.json]
[growhub.themepul.com/wp-json/oembed/1.0/embedd238.json]
[growhub.themepul.com/services/index.html]
[growhub.themepul.com/wp-json/oembed/1.0/embedf51e]
[growhub.themepul.com/wp-content/uploads/elementor/css/post-474245b7.css]
[growhub.themepul.com/wp-json/wp/v2/pages/4742.json]
[growhub.themepul.com/wp-json/oembed/1.0/embed34ef.json]
[growhub.themepul.com/services-2/index.html]
[growhub.themepul.com/wp-json/oembed/1.0/embedb771]
[growhub.themepul.com/wp-content/uploads/elementor/css/post-4743e094.css]
[growhub.themepul.com/wp-json/wp/v2/pages/4743.json]
[growhub.themepul.com/wp-json/oembed/1.0/embed85c4.json]
[growhub.themepul.com/services-three/index.html]
[growhub.themepul.com/wp-json/oembed/1.0/embedac80]
[growhub.themepul.com/wp-content/uploads/elementor/css/post-2144fca1.css]
[growhub.themepul.com/wp-json/wp/v2/pages/2144.json]
[growhub.themepul.com/wp-json/oembed/1.0/embeddb56.json]
[growhub.themepul.com/wp-json/oembed/1.0/embedd79e]
[growhub.themepul.com/wp-content/uploads/2023/11/blogs8-1024x579.jpg]
[growhub.themepul.com/services/consulting-services/index.html]
[growhub.themepul.com/wp-content/uploads/elementor/css/post-21414b2d.css]
[growhub.themepul.com/wp-json/wp/v2/pages/2141.json]
[growhub.themepul.com/wp-json/oembed/1.0/embede259.json]
[growhub.themepul.com/wp-json/oembed/1.0/embede428]
[growhub.themepul.com/services/digital-business-solution/index.html]
[growhub.themepul.com/wp-content/uploads/elementor/css/post-2082fe18.css]
[growhub.themepul.com/wp-json/wp/v2/pages/2082.json]
[growhub.themepul.com/wp-json/oembed/1.0/embed14a5.json]
[growhub.themepul.com/services/digital-strategy-planning/index.html]
[growhub.themepul.com/wp-json/oembed/1.0/embedff3b]
[growhub.themepul.com/wp-content/uploads/elementor/css/post-2142a501.css]
[growhub.themepul.com/wp-json/wp/v2/pages/2142.json]
[growhub.themepul.com/wp-json/oembed/1.0/embed7e12.json]
[growhub.themepul.com/services/financial-consultancy/index.html]
[growhub.themepul.com/wp-json/oembed/1.0/embedc843]
[growhub.themepul.com/wp-content/uploads/elementor/css/post-2143ffff.css]
[growhub.themepul.com/wp-json/wp/v2/pages/2143.json]
[growhub.themepul.com/wp-json/oembed/1.0/embed2ca8.json]
[growhub.themepul.com/services/strategy-development/index.html]
[growhub.themepul.com/wp-json/oembed/1.0/embedd2cd]
[growhub.themepul.com/wp-content/uploads/elementor/css/post-24559d98.css]
[growhub.themepul.com/wp-json/wp/v2/pages/2455.json]
[growhub.themepul.com/wp-json/oembed/1.0/embed159f.json]
[growhub.themepul.com/wp-json/oembed/1.0/embed86b4]
[growhub.themepul.com/wp-content/uploads/2023/11/team-contact.jpg]
[growhub.themepul.com/wp-content/uploads/2023/11/team-6.jpg]
[growhub.themepul.com/appointment/index.html]
[growhub.themepul.com/growhub-team/milano-digits/index.html]
[growhub.themepul.com/wp-content/uploads/elementor/css/post-1794dae0.css]
[growhub.themepul.com/wp-json/wp/v2/pages/1794.json]
[growhub.themepul.com/wp-json/oembed/1.0/embed301f.json]
[growhub.themepul.com/wp-json/oembed/1.0/embed8acb]
[growhub.themepul.com/pricing/index.html]
[growhub.themepul.com/wp-content/uploads/elementor/css/post-15540449.css]
[growhub.themepul.com/wp-json/wp/v2/pages/1554.json]
[growhub.themepul.com/wp-json/oembed/1.0/embed39be.json]
[growhub.themepul.com/wp-json/oembed/1.0/embeda9dd]
[growhub.themepul.com/wp-content/uploads/2023/11/portfolio-5.jpg]
[growhub.themepul.com/wp-content/uploads/2023/11/portfolio-6.jpg]
[growhub.themepul.com/growhub-portfolio/product-testing/index.html]
[growhub.themepul.com/wp-content/uploads/2023/11/portfolio-7.jpg]
[growhub.themepul.com/growhub-portfolio/business-plan/index.html]
[growhub.themepul.com/growhub-portfolio/corporate-strategy/index.html]
[growhub.themepul.com/wp-content/uploads/2023/11/portfolio-8.jpg]
[growhub.themepul.com/wp-content/uploads/2023/11/portfolio-9.jpg]
[growhub.themepul.com/projects/index.html]
[growhub.themepul.com/growhub-portfolio/growth-your-business/index.html]
[growhub.themepul.com/wp-content/uploads/elementor/css/post-1543629.css]
[growhub.themepul.com/wp-json/wp/v2/growhub_portfolio/154.json]
[growhub.themepul.com/wp-json/oembed/1.0/embed573c.json]
[growhub.themepul.com/wp-content/uploads/2023/11/portfolio-details.jpg]
[growhub.themepul.com/wp-json/oembed/1.0/embeda4fa]
[growhub.themepul.com/wp-content/uploads/2023/11/blogs8.jpg]
[growhub.themepul.com/wp-content/uploads/2023/11/blogs4.jpg]
[growhub.themepul.com/growhub-portfolio/manage-client-hub/index.html]
[growhub.themepul.com/wp-content/uploads/elementor/css/post-241186fc.css]
[growhub.themepul.com/wp-json/wp/v2/pages/2411.json]
[growhub.themepul.com/wp-json/oembed/1.0/embed8623.json]
[growhub.themepul.com/wp-json/oembed/1.0/embedd0fe]
[growhub.themepul.com/wp-content/uploads/2023/11/team-2.jpg]
[growhub.themepul.com/team-one/index.html]
[growhub.themepul.com/wp-content/uploads/elementor/css/post-47574ed1.css]
[growhub.themepul.com/wp-json/wp/v2/pages/4757.json]
[growhub.themepul.com/wp-json/oembed/1.0/embed882a.json]
[growhub.themepul.com/wp-json/oembed/1.0/embed408c]
[growhub.themepul.com/wp-content/uploads/2023/11/team-4-257x300.jpg]
[growhub.themepul.com/wp-content/uploads/2023/11/team-3-257x300.jpg]
[growhub.themepul.com/team-two/index.html]
[growhub.themepul.com/wp-content/uploads/elementor/css/post-104835cf.css]
[growhub.themepul.com/wp-json/wp/v2/growhub_team/1048.json]
[growhub.themepul.com/wp-json/oembed/1.0/embed3882.json]
[growhub.themepul.com/growhub-team/monia-zillan/index.html]
[growhub.themepul.com/wp-json/oembed/1.0/embed51a0]
[growhub.themepul.com/wp-content/uploads/2024/01/7.jpg]
[growhub.themepul.com/wp-includes/css/dist/block-library/style.min84fc.css]
[growhub.themepul.com/shop/feed/index.html]
[growhub.themepul.com/wp-content/uploads/2024/01/8.jpg]
[growhub.themepul.com/shop/index9938.html]
[growhub.themepul.com/product/14th-g-motherboard/index.html]
[growhub.themepul.com/wp-content/uploads/2024/01/6.jpg]
[growhub.themepul.com/wp-content/uploads/2024/01/10.jpg]
[growhub.themepul.com/shop/index5206.html]
[growhub.themepul.com/wp-content/uploads/2024/01/5.jpg]
[growhub.themepul.com/product/1tb-m2-ssl/index.html]
[growhub.themepul.com/wp-content/uploads/2024/01/2.jpg]
[growhub.themepul.com/product/cooling-fan/index.html]
[growhub.themepul.com/shop/index6336.html]
[growhub.themepul.com/shop/index39c6.html]
[growhub.themepul.com/wp-content/uploads/2024/01/11.jpg]
[growhub.themepul.com/shop/index5ff6.html]
[growhub.themepul.com/product/digital-camara-v5/index.html]
[growhub.themepul.com/product/symphony-sound-pro-20/index.html]
[growhub.themepul.com/wp-content/uploads/2024/01/4.jpg]
[growhub.themepul.com/shop/index78d0.html]
[growhub.themepul.com/shop/index0fbf.html]
[growhub.themepul.com/wp-content/uploads/2024/01/1.jpg]
[growhub.themepul.com/product/latest-cpu/index.html]
[growhub.themepul.com/product/microphone-stand/index.html]
[growhub.themepul.com/shop/indexa311.html]
[growhub.themepul.com/wp-content/uploads/2024/01/9.jpg]
[growhub.themepul.com/wp-content/uploads/2024/01/13.jpg]
[growhub.themepul.com/shop/indexd8e2.html]
[growhub.themepul.com/wp-content/uploads/2024/01/3.jpg]
[growhub.themepul.com/product/smart-phone/index.html]
[growhub.themepul.com/wp-content/uploads/2024/01/7-300x300.jpg]
[growhub.themepul.com/shop/indexa056.html]
[growhub.themepul.com/product/smart-watch-10/index.html]
[growhub.themepul.com/wp-content/uploads/2024/01/6-300x300.jpg]
[growhub.themepul.com/shop/indexdc4c.html]
[growhub.themepul.com/wp-content/uploads/2024/01/5-300x300.jpg]
[growhub.themepul.com/shop/index0935.html]
[growhub.themepul.com/product/symphony-sound-pro/index.html]
[growhub.themepul.com/product/wifi-speker/index.html]
[growhub.themepul.com/wp-content/uploads/2024/01/4-300x300.jpg]
[growhub.themepul.com/wp-content/uploads/2024/01/2-300x300.jpg]
[growhub.themepul.com/shop/index.html]
[growhub.themepul.com/shop/page/2/index.html]
[growhub.themepul.com/wp-content/plugins/woocommerce/assets/js/frontend/single-product.min9b80.js]
[growhub.themepul.com/product-tag/cooling-fan/index.html]
[growhub.themepul.com/product-tag/camara/index.html]
[growhub.themepul.com/wp-json/wp/v2/product/5016.json]
[growhub.themepul.com/product-tag/cpu/index.html]
[growhub.themepul.com/product-tag/1tb/index.html]
[growhub.themepul.com/product-tag/digital/index.html]
[growhub.themepul.com/wp-json/oembed/1.0/embed6b0f.json]
[growhub.themepul.com/product-tag/digital-camara/index.html]
[growhub.themepul.com/product-tag/fan/index.html]
[growhub.themepul.com/wp-json/oembed/1.0/embededa2]
[growhub.themepul.com/product-tag/ips/index.html]
[growhub.themepul.com/product-tag/latest/index.html]
[growhub.themepul.com/product-tag/headphone/index.html]
[growhub.themepul.com/wp-content/uploads/2024/01/4-150x150.jpg]
[growhub.themepul.com/product-tag/monitor/index.html]
[growhub.themepul.com/product-tag/phone/index.html]
[growhub.themepul.com/wp-content/uploads/2024/01/6-150x150.jpg]
[growhub.themepul.com/product-tag/pc/index.html]
[growhub.themepul.com/wp-content/uploads/2024/01/7-150x150.jpg]
[growhub.themepul.com/product-tag/processor/index.html]
[growhub.themepul.com/product-tag/power-supply/index.html]
[growhub.themepul.com/wp-content/uploads/2024/01/2-150x150.jpg]
[growhub.themepul.com/product-tag/smart/index.html]
[growhub.themepul.com/wp-content/uploads/2024/01/1-150x150.jpg]
[growhub.themepul.com/product-tag/speker/index.html]
[growhub.themepul.com/product-tag/smart-phone/index.html]
[growhub.themepul.com/wp-content/uploads/2024/01/13-300x300.jpg]
[growhub.themepul.com/product-tag/smart-watch/index.html]
[growhub.themepul.com/wp-content/uploads/2024/01/11-300x300.jpg]
[growhub.themepul.com/product-tag/watch/index.html]
[growhub.themepul.com/product/power-supply/feed/index.html]
[growhub.themepul.com/product-tag/ssd/index.html]
[growhub.themepul.com/wp-content/uploads/2024/01/10-300x300.jpg]
[growhub.themepul.com/product-category/head-phone/index.html]
[growhub.themepul.com/wp-content/uploads/2024/01/8-300x300.jpg]
[growhub.themepul.com/product-category/phone/index.html]
[growhub.themepul.com/wp-includes/js/comment-reply.min84fc.js]
[growhub.themepul.com/product/power-supply/index.html]
[growhub.themepul.com/wp-content/plugins/woocommerce/assets/css/select29b80.css]
[growhub.themepul.com/product/power-supply/index9938.html]
[growhub.themepul.com/product/power-supply/index6336.html]
[growhub.themepul.com/wp-json/wp/v2/pages/4968.json]
[growhub.themepul.com/product/power-supply/index78d0.html]
[growhub.themepul.com/wp-content/plugins/woocommerce/assets/js/selectWoo/selectWoo.full.min3204.js]
[growhub.themepul.com/wp-json/oembed/1.0/embede475.json]
[growhub.themepul.com/my-account/index.html]
[growhub.themepul.com/wp-json/oembed/1.0/embedab71]
[growhub.themepul.com/wp-content/plugins/woocommerce/assets/js/frontend/country-select.min9b80.js]
[growhub.themepul.com/my-account/lost-password/index.html]
[growhub.themepul.com/wp-content/plugins/woocommerce/assets/js/frontend/address-i18n.min9b80.js]
[growhub.themepul.com/wp-content/plugins/woocommerce/assets/js/frontend/cart.min9b80.js]
[growhub.themepul.com/wp-json/wp/v2/pages/5036.json]
[growhub.themepul.com/wp-json/oembed/1.0/embedbd22.json]
[growhub.themepul.com/cart/index.html]
[growhub.themepul.com/checkout/index.html]
[growhub.themepul.com/wp-json/oembed/1.0/embed484b]
[growhub.themepul.com/wp-content/uploads/2023/11/blogs9.jpg]
[growhub.themepul.com/wp-content/uploads/2023/11/blogs7.jpg]
[growhub.themepul.com/adapting-to-change-in-a-fast-paced-world/index.html]
[growhub.themepul.com/raising-the-bar-in-corporate-service-standards/index.html]
[growhub.themepul.com/wp-content/uploads/2023/11/blogs6.jpg]
[growhub.themepul.com/category/corporate/index.html]
[growhub.themepul.com/wp-content/uploads/2023/11/blogs5.jpg]
[growhub.themepul.com/strategies-for-employee-health-and-productivity/index.html]
[growhub.themepul.com/wp-content/uploads/2023/11/blogs1-150x150.jpg]
[growhub.themepul.com/trends-shaping-corporate-decision-making/index.html]
[growhub.themepul.com/wp-content/uploads/2023/11/blogs2-150x150.jpg]
[growhub.themepul.com/wp-content/uploads/2023/11/blogs3-150x150.jpg]
[growhub.themepul.com/blog/index.html]
[growhub.themepul.com/blog/page/2/index.html]
[growhub.themepul.com/wp-json/wp/v2/posts/31.json]
[growhub.themepul.com/tag/change/index.html]
[growhub.themepul.com/tag/adapting/index.html]
[growhub.themepul.com/wp-json/oembed/1.0/embede881.json]
[growhub.themepul.com/tag/guide/index.html]
[growhub.themepul.com/wp-json/oembed/1.0/embedd16e]
[growhub.themepul.com/tag/health/index.html]
[growhub.themepul.com/tag/raising/index.html]
[growhub.themepul.com/xmlrpc.php]
[growhub.themepul.com/tag/project/index.html]
[growhub.themepul.com/tag/service/index.html]
[growhub.themepul.com/tag/shaping/index.html]
[growhub.themepul.com/tag/startup/index.html]
[growhub.themepul.com/wp-content/uploads/2023/11/blog-gallery.jpg]
[growhub.themepul.com/tag/world/index.html]
[growhub.themepul.com/tag/video/index.html]
[growhub.themepul.com/tag/strategies/index.html]
[growhub.themepul.com/wp-content/uploads/2023/11/blog-gallery-2.jpg]
[growhub.themepul.com/a-corporate-guide-to-continuous-improvement/feed/index.html]
[growhub.themepul.com/category/study/index.html]
[growhub.themepul.com/wp-content/uploads/2023/11/blog-gallery3-1024x468.jpg]
[growhub.themepul.com/a-corporate-guide-to-continuous-improvement/index.html]
[growhub.themepul.com/author/admin/index.html]
[growhub.themepul.com/wp-content/uploads/elementor/css/post-1552fafe.css]
[growhub.themepul.com/wp-json/wp/v2/pages/1552.json]
[growhub.themepul.com/wp-json/oembed/1.0/embed8b18.json]
[growhub.themepul.com/contact-us/index.html]
[growhub.themepul.com/wp-content/uploads/2023/11/GrowHub.svg]
[growhub.themepul.com/wp-content/themes/growhub/assets/image/canva.svg]
[growhub.themepul.com/wp-json/oembed/1.0/embedfd80]
[growhub.themepul.com/wp-content/uploads/elementor/css/post-1044a551.css]
[growhub.themepul.com/wp-json/oembed/1.0/embed1cff.json]
[growhub.themepul.com/growhub-team/ambert-daniel/index.html]
[growhub.themepul.com/wp-json/oembed/1.0/embed2b55]
[growhub.themepul.com/wp-json/wp/v2/growhub_team/1044.json]
[growhub.themepul.com/wp-content/uploads/elementor/css/post-10478e4e.css]
[growhub.themepul.com/wp-json/wp/v2/growhub_team/1047.json]
[growhub.themepul.com/wp-json/oembed/1.0/embed972c.json]
[growhub.themepul.com/growhub-team/latina-lucas/index.html]
[growhub.themepul.com/wp-content/uploads/elementor/css/post-9729518.css]
[growhub.themepul.com/wp-json/oembed/1.0/embed4657]
[growhub.themepul.com/wp-json/wp/v2/growhub_team/972.json]
[growhub.themepul.com/wp-json/oembed/1.0/embedf232.json]
[growhub.themepul.com/growhub-team/mauser-daniel/index.html]
[growhub.themepul.com/wp-json/oembed/1.0/embed831b]
[growhub.themepul.com/wp-content/uploads/elementor/css/post-9684ce.css]
[growhub.themepul.com/wp-json/wp/v2/growhub_portfolio/96.json]
[growhub.themepul.com/wp-json/oembed/1.0/embed7767.json]
[growhub.themepul.com/growhub-portfolio/business-growth/index.html]
[growhub.themepul.com/wp-json/oembed/1.0/embedda08]
[growhub.themepul.com/wp-json/wp/v2/growhub_portfolio_cat/31.json]
[growhub.themepul.com/growhub-portfolio-category/business/index.html]
[growhub.themepul.com/wp-content/uploads/elementor/css/post-14720b7.css]
[growhub.themepul.com/growhub-portfolio-category/business/feed/index.html]
[growhub.themepul.com/wp-json/wp/v2/growhub_portfolio/147.json]
[growhub.themepul.com/wp-json/oembed/1.0/embed5d0a.json]
[growhub.themepul.com/growhub-portfolio/startup-solution/index.html]
[growhub.themepul.com/wp-json/oembed/1.0/embed4c55]
[growhub.themepul.com/wp-json/wp/v2/growhub_portfolio_cat/28.json]
[growhub.themepul.com/growhub-portfolio-category/strategy/index.html]
[growhub.themepul.com/wp-content/uploads/elementor/css/post-148044e.css]
[growhub.themepul.com/growhub-portfolio-category/strategy/feed/index.html]
[growhub.themepul.com/wp-json/wp/v2/growhub_portfolio/148.json]
[growhub.themepul.com/wp-json/oembed/1.0/embedf737.json]
[growhub.themepul.com/growhub-portfolio/growth-manage/index.html]
[growhub.themepul.com/wp-json/oembed/1.0/embed2d1c]
[growhub.themepul.com/wp-json/wp/v2/growhub_portfolio_cat/30.json]
[growhub.themepul.com/growhub-portfolio-category/corporate/index.html]
[growhub.themepul.com/wp-json/wp/v2/growhub_portfolio_cat/29.json]
[growhub.themepul.com/growhub-portfolio-category/startup/index.html]
[growhub.themepul.com/wp-content/uploads/elementor/css/post-1495407.css]
[growhub.themepul.com/growhub-portfolio-category/startup/feed/index.html]
[growhub.themepul.com/wp-json/wp/v2/growhub_portfolio/149.json]
[growhub.themepul.com/wp-json/oembed/1.0/embed7d02.json]
[growhub.themepul.com/growhub-portfolio-category/corporate/feed/index.html]
[growhub.themepul.com/growhub-portfolio/corporate-startup/index.html]
[growhub.themepul.com/wp-json/oembed/1.0/embed3938]
[growhub.themepul.com/exploring-the-full-spectrum-of-digital-marketings-influence-and-impact-in-the-21st/feed/index.html]
[growhub.themepul.com/wp-json/wp/v2/posts/14.json]
[growhub.themepul.com/wp-json/oembed/1.0/embed82cc.json]
[growhub.themepul.com/wp-json/oembed/1.0/embeddbb8]
[growhub.themepul.com/wp-content/uploads/2023/11/blogs1-1380x780.jpg]
[growhub.themepul.com/exploring-the-full-spectrum-of-digital-marketings-influence-and-impact-in-the-21st/index.html]
[growhub.themepul.com/category/business/feed/index.html]
[growhub.themepul.com/wp-json/wp/v2/categories/3.json]
[growhub.themepul.com/category/business/index.html]
[growhub.themepul.com/wp-json/wp/v2/posts/26.json]
[growhub.themepul.com/delivering-memorable-and-building-brand-the-company-loyalty-zone/feed/index.html]
[growhub.themepul.com/proven-strategies-for-sustainable-growth/index.html]
[growhub.themepul.com/tag/clients/index.html]
[growhub.themepul.com/wp-json/oembed/1.0/embedebcf.json]
[growhub.themepul.com/delivering-memorable-and-building-brand-the-company-loyalty-zone/index.html]
[growhub.themepul.com/wp-json/oembed/1.0/embedbf7a]
[growhub.themepul.com/wp-json/wp/v2/categories/11.json]
[growhub.themepul.com/category/meeting/index.html]
[growhub.themepul.com/mastery-of-creative-problem-solving-in-your-startup-office-business-plan/feed/index.html]
[growhub.themepul.com/category/meeting/feed/index.html]
[growhub.themepul.com/wp-json/wp/v2/posts/27.json]
[growhub.themepul.com/wp-json/oembed/1.0/embed20e0.json]
[growhub.themepul.com/tag/meeting/index.html]
[growhub.themepul.com/mastery-of-creative-problem-solving-in-your-startup-office-business-plan/index.html]
[growhub.themepul.com/wp-json/oembed/1.0/embeda84b]
[growhub.themepul.com/wp-json/wp/v2/categories/10.json]
[growhub.themepul.com/category/projects/index.html]
[growhub.themepul.com/wp-content/uploads/elementor/css/post-66645b7.css]
[growhub.themepul.com/wp-content/uploads/elementor/css/post-159345b7.css]
[growhub.themepul.com/category/projects/feed/index.html]
[growhub.themepul.com/tag/study/index.html]
[growhub.themepul.com/wp-content/uploads/elementor/css/post-7225a72.css]
[growhub.themepul.com/wp-content/plugins/elementor/assets/lib/font-awesome/css/brands.min52d5.css]
[growhub.themepul.com/wp-content/plugins/growhub-core/assets/css/flaticon8a54.css]
[growhub.themepul.com/wp-content/plugins/elementor/assets/lib/font-awesome/css/regular.min52d5.css]
[growhub.themepul.com/wp-content/plugins/contact-form-7/includes/swv/js/index6dcf.js]
[growhub.themepul.com/wp-content/plugins/contact-form-7/includes/js/index6dcf.js]
[growhub.themepul.com/wp-content/plugins/growhub-core/assets/js/counterup.min5152.js]
[growhub.themepul.com/wp-content/plugins/growhub-core/assets/js/count-tof269.js]
[growhub.themepul.com/wp-content/plugins/growhub-core/assets/js/appear5152.js]
[growhub.themepul.com/wp-content/plugins/woocommerce/assets/js/sourcebuster/sourcebuster.min9b80.js]
[growhub.themepul.com/wp-content/plugins/woocommerce/assets/js/frontend/order-attribution.min9b80.js]
[growhub.themepul.com/wp-content/themes/growhub/assets/bootstrap/popper-minf269.js]
[growhub.themepul.com/wp-content/themes/growhub/assets/bootstrap/bootstrap-minf269.js]
[growhub.themepul.com/wp-content/themes/growhub/assets/popup/jquery-magnific-popup-minf269.js]
[growhub.themepul.com/wp-content/themes/growhub/assets/slick/slick-minf269.js]
[growhub.themepul.com/wp-content/themes/growhub/assets/js/themef269.js]
[growhub.themepul.com/wp-content/plugins/mailchimp-for-wp/assets/js/forms433d.js]
[growhub.themepul.com/wp-content/plugins/elementor/assets/js/webpack.runtime.min78fb.js]
[growhub.themepul.com/wp-content/plugins/elementor/assets/js/frontend-modules.min78fb.js]
[growhub.themepul.com/wp-content/plugins/elementor/assets/lib/waypoints/waypoints.min05da.js]
[growhub.themepul.com/wp-includes/js/jquery/ui/core.min3f14.js]
[growhub.themepul.com/wp-content/uploads/2023/11/footer-shape.svg]
[growhub.themepul.com/-negative.svg]
[growhub.themepul.com/wp-content/plugins/elementor/assets/js/frontend.min78fb.js]
[growhub.themepul.com/wp-content/plugins/growhub-core/elementor-widgets/control/shape8a54.js]
[growhub.themepul.com/wp-content/plugins/growhub-core/assets/css/owl.video.play.html]
[growhub.themepul.com/wp-content/plugins/growhub-core/assets/images/cross-out.html]
[growhub.themepul.com/wp-content/plugins/growhub-core/assets/img/process-line.svg]
[growhub.themepul.com/wp-content/plugins/woocommerce/assets/fonts/WooCommerce.svg]
[growhub.themepul.com/wp-content/plugins/woocommerce/assets/images/icons/loader.svg]
[growhub.themepul.com/wp-content/plugins/woocommerce/assets/images/icons/credit-cards/visa.svg]
[growhub.themepul.com/wp-content/plugins/woocommerce/assets/images/icons/credit-cards/mastercard.svg]
[growhub.themepul.com/wp-content/plugins/woocommerce/assets/images/icons/credit-cards/laser.svg]
[growhub.themepul.com/wp-content/plugins/woocommerce/assets/images/icons/credit-cards/diners.svg]
[growhub.themepul.com/wp-content/plugins/woocommerce/assets/images/icons/credit-cards/maestro.svg]
[growhub.themepul.com/wp-content/plugins/woocommerce/assets/images/icons/credit-cards/jcb.svg]
[growhub.themepul.com/wp-content/plugins/woocommerce/assets/images/icons/credit-cards/amex.svg]
[growhub.themepul.com/wp-content/plugins/woocommerce/assets/images/icons/credit-cards/discover.svg]
[growhub.themepul.com/wp-content/plugins/elementor/assets/lib/eicons/fonts/eicons8016.svg]
[growhub.themepul.com/wp-content/plugins/elementor/assets/lib/font-awesome/webfonts/fa-brands-400.svg]
[growhub.themepul.com/wp-content/plugins/elementor/assets/lib/font-awesome/webfonts/fa-regular-400.svg]
[growhub.themepul.com/wp-content/plugins/elementor/assets/lib/font-awesome/webfonts/fa-solid-900.svg]
[growhub.themepul.com/Trident/index.html]
[growhub.themepul.com/wp-content/uploads/2023/12/service-boxs.svg]
[growhub.themepul.com/wp-content/uploads/2023/12/shape-about.png]
[growhub.themepul.com/OPR/index.html]
[growhub.themepul.com/wp-content/uploads/2023/12/play-btn.png]
[growhub.themepul.com/wp-content/uploads/2023/12/telephone-svg.svg]
[growhub.themepul.com/wp-content/uploads/2023/12/shape-iamge.png]
[growhub.themepul.com/wp-content/uploads/2023/12/skill-bg.png]
[growhub.themepul.com/wp-content/uploads/2023/12/pricing-bg.png]
[growhub.themepul.com/wp-content/uploads/elementor/css/post-16417b31.css]
[growhub.themepul.com/indexbb0e.html]
[growhub.themepul.com/wp-content/uploads/2023/12/slider-2shape.svg]
[growhub.themepul.com/wp-content/uploads/elementor/css/post-6817b31.css]
[growhub.themepul.com/wp-content/uploads/elementor/css/post-17547b31.css]
[growhub.themepul.com/wp-content/uploads/elementor/css/post-17657b31.css]
[growhub.themepul.com/wp-content/uploads/elementor/css/post-79562ba.css]
[growhub.themepul.com/wp-content/uploads/2023/12/EXPARINCE.svg]
[growhub.themepul.com/wp-content/uploads/2023/12/service-3bg-1.jpg]
[growhub.themepul.com/wp-content/uploads/2023/12/choosusbg.jpg]
[growhub.themepul.com/wp-content/uploads/2023/12/banner.png]
[growhub.themepul.com/wp-content/uploads/elementor/css/post-18134db0.css]
[growhub.themepul.com/index6dac.html]
[growhub.themepul.com/wp-content/uploads/2023/12/slider-2-home-3.jpg]
[growhub.themepul.com/wp-content/uploads/elementor/css/post-10469189.css]
[growhub.themepul.com/wp-json/wp/v2/growhub_team/1046.json]
[growhub.themepul.com/wp-json/oembed/1.0/embedcc4e.json]
[growhub.themepul.com/growhub-team/daniel-smith/index.html]
[growhub.themepul.com/wp-content/uploads/elementor/css/post-6824db0.css]
[growhub.themepul.com/wp-json/oembed/1.0/embedcbbd]
[growhub.themepul.com/wp-content/uploads/elementor/css/post-7964db0.css]
[growhub.themepul.com/wp-content/uploads/2023/11/ft-shape.svg]
[growhub.themepul.com/wp-content/uploads/2023/12/testimonial-bg.jpg]
[growhub.themepul.com/wp-content/uploads/elementor/css/post-1550e4ff.css]
[growhub.themepul.com/indexaca3.html]
[growhub.themepul.com/wp-content/uploads/elementor/css/post-47299900.css]
[growhub.themepul.com/indexc367.html]
[growhub.themepul.com/wp-content/uploads/elementor/css/post-47348e25.css]
[growhub.themepul.com/indexaf22.html]
[growhub.themepul.com/wp-content/uploads/2023/12/take-bg.jpg]
[growhub.themepul.com/wp-content/uploads/elementor/css/post-1556f563.css]
[growhub.themepul.com/index674c.html]
[growhub.themepul.com/wp-content/uploads/elementor/css/post-474245b7.css]
[growhub.themepul.com/index878d.html]
[growhub.themepul.com/wp-content/uploads/elementor/css/post-4743e094.css]
[growhub.themepul.com/index29ae.html]
[growhub.themepul.com/wp-content/uploads/elementor/css/post-2144fca1.css]
[growhub.themepul.com/indexd2e1.html]
[growhub.themepul.com/wp-content/uploads/elementor/css/post-21414b2d.css]
[growhub.themepul.com/index688e.html]
[growhub.themepul.com/wp-content/uploads/elementor/css/post-2082fe18.css]
[growhub.themepul.com/indexb0f2.html]
[growhub.themepul.com/wp-content/uploads/elementor/css/post-2142a501.css]
[growhub.themepul.com/index1fe5.html]
[growhub.themepul.com/wp-content/uploads/elementor/css/post-2143ffff.css]
[growhub.themepul.com/index5f74.html]
[growhub.themepul.com/wp-content/uploads/elementor/css/post-24559d98.css]
[growhub.themepul.com/indexe8f9.html]
[growhub.themepul.com/wp-content/uploads/elementor/css/post-10451d75.css]
[growhub.themepul.com/wp-content/uploads/2023/11/team-contact.jpg]
[growhub.themepul.com/wp-json/wp/v2/growhub_team/1045.json]
[growhub.themepul.com/wp-json/oembed/1.0/embed29d9.json]
[growhub.themepul.com/growhub-team/milano-digits/index.html]
[growhub.themepul.com/wp-content/uploads/elementor/css/post-1794dae0.css]
[growhub.themepul.com/index4b30.html]
[growhub.themepul.com/wp-content/uploads/elementor/css/post-15540449.css]
[growhub.themepul.com/index1a80.html]
[growhub.themepul.com/wp-json/oembed/1.0/embed594a]
[growhub.themepul.com/wp-content/uploads/elementor/css/post-1506a16.css]
[growhub.themepul.com/wp-json/wp/v2/growhub_portfolio/150.json]
[growhub.themepul.com/wp-json/oembed/1.0/embed9a98.json]
[growhub.themepul.com/growhub-portfolio/product-testing/index.html]
[growhub.themepul.com/wp-json/oembed/1.0/embedf8f0]
[growhub.themepul.com/wp-content/uploads/elementor/css/post-151d3bb.css]
[growhub.themepul.com/wp-json/wp/v2/growhub_portfolio/151.json]
[growhub.themepul.com/wp-json/oembed/1.0/embed88ec.json]
[growhub.themepul.com/growhub-portfolio/business-plan/index.html]
[growhub.themepul.com/wp-json/oembed/1.0/embede5e8]
[growhub.themepul.com/wp-content/uploads/elementor/css/post-152a16c.css]
[growhub.themepul.com/wp-json/wp/v2/growhub_portfolio/152.json]
[growhub.themepul.com/wp-json/oembed/1.0/embede90b.json]
[growhub.themepul.com/growhub-portfolio/corporate-strategy/index.html]
[growhub.themepul.com/wp-json/oembed/1.0/embedf550]
[growhub.themepul.com/wp-content/uploads/elementor/css/post-153de07.css]
[growhub.themepul.com/wp-json/wp/v2/growhub_portfolio/153.json]
[growhub.themepul.com/wp-json/oembed/1.0/embedcb95.json]
[growhub.themepul.com/growhub-portfolio/growth-your-business/index.html]
[growhub.themepul.com/wp-content/uploads/elementor/css/post-1543629.css]
[growhub.themepul.com/index87e6.html]
[growhub.themepul.com/wp-content/uploads/elementor/css/post-241186fc.css]
[growhub.themepul.com/index1e58.html]
[growhub.themepul.com/wp-content/uploads/elementor/css/post-47574ed1.css]
[growhub.themepul.com/index40a5.html]
[growhub.themepul.com/wp-content/uploads/elementor/css/post-104835cf.css]
[growhub.themepul.com/index2b52.html]
[growhub.themepul.com/wp-includes/css/dist/block-library/style.min84fc.css]
[growhub.themepul.com/shop/index9938.html]
[growhub.themepul.com/wp-json/oembed/1.0/embed521b]
[growhub.themepul.com/wp-json/wp/v2/product/5013.json]
[growhub.themepul.com/product/14th-g-motherboard/feed/index.html]
[growhub.themepul.com/wp-json/oembed/1.0/embedb249.json]
[growhub.themepul.com/wp-json/oembed/1.0/embedb653]
[growhub.themepul.com/wp-content/uploads/2024/01/12.jpg]
[growhub.themepul.com/wp-content/uploads/2024/01/8-150x150.jpg]
[growhub.themepul.com/wp-content/uploads/2024/01/11-150x150.jpg]
[growhub.themepul.com/wp-content/uploads/2024/01/12-150x150.jpg]
[growhub.themepul.com/wp-content/uploads/2024/01/10-150x150.jpg]
[growhub.themepul.com/product/14th-g-motherboard/index.html]
[growhub.themepul.com/shop/index5206.html]
[growhub.themepul.com/product-category/smart-phone/index.html]
[growhub.themepul.com/product-category/processor/index.html]
[growhub.themepul.com/product/14th-g-motherboard/index5ff6.html]
[growhub.themepul.com/product-category/smart-watch/index.html]
[growhub.themepul.com/wp-json/wp/v2/product/5012.json]
[growhub.themepul.com/product/1tb-m2-ssl/feed/index.html]
[growhub.themepul.com/wp-json/oembed/1.0/embed6dea.json]
[growhub.themepul.com/product/14th-g-motherboard/indexa311.html]
[growhub.themepul.com/product/14th-g-motherboard/indexd8e2.html]
[growhub.themepul.com/wp-json/oembed/1.0/embed1126]
[growhub.themepul.com/wp-content/uploads/2024/01/9-150x150.jpg]
[growhub.themepul.com/product/1tb-m2-ssl/index.html]
[growhub.themepul.com/shop/index39c6.html]
[growhub.themepul.com/wp-json/wp/v2/product/5014.json]
[growhub.themepul.com/product/cooling-fan/feed/index.html]
[growhub.themepul.com/product/1tb-m2-ssl/indexdc4c.html]
[growhub.themepul.com/product/1tb-m2-ssl/index9938.html]
[growhub.themepul.com/wp-json/oembed/1.0/embedf139.json]
[growhub.themepul.com/wp-json/oembed/1.0/embed2aa6]
[growhub.themepul.com/wp-content/uploads/2024/01/5-150x150.jpg]
[growhub.themepul.com/product/cooling-fan/index.html]
[growhub.themepul.com/shop/index6336.html]
[growhub.themepul.com/product/1tb-m2-ssl/index0fbf.html]
[growhub.themepul.com/product-category/speker/index.html]
[growhub.themepul.com/product-category/latest-cpu/index.html]
[growhub.themepul.com/product/cooling-fan/index5ff6.html]
[growhub.themepul.com/product/cooling-fan/index0fbf.html]
[growhub.themepul.com/product/digital-camara-v5/feed/index.html]
[growhub.themepul.com/wp-json/wp/v2/product/5010.json]
[growhub.themepul.com/wp-json/oembed/1.0/embeda991.json]
[growhub.themepul.com/product/cooling-fan/index0935.html]
[growhub.themepul.com/product/digital-camara-v5/index.html]
[growhub.themepul.com/wp-json/oembed/1.0/embeda6ec]
[growhub.themepul.com/shop/index5ff6.html]
[growhub.themepul.com/wp-json/wp/v2/product/5015.json]
[growhub.themepul.com/product/symphony-sound-pro-20/feed/index.html]
[growhub.themepul.com/product/digital-camara-v5/indexa311.html]
[growhub.themepul.com/product/digital-camara-v5/index5ff6.html]
[growhub.themepul.com/product/digital-camara-v5/index9938.html]
[growhub.themepul.com/wp-json/oembed/1.0/embed00a4.json]
[growhub.themepul.com/product/symphony-sound-pro-20/index.html]
[growhub.themepul.com/wp-json/oembed/1.0/embed682c]
[growhub.themepul.com/shop/index78d0.html]
[growhub.themepul.com/wp-json/wp/v2/product/5018.json]
[growhub.themepul.com/product/latest-cpu/feed/index.html]
[growhub.themepul.com/product/symphony-sound-pro-20/indexdc4c.html]
[growhub.themepul.com/product/symphony-sound-pro-20/index0fbf.html]
[growhub.themepul.com/product/symphony-sound-pro-20/index9938.html]
[growhub.themepul.com/wp-json/oembed/1.0/embedaf32.json]
[growhub.themepul.com/wp-json/oembed/1.0/embeddf5a]
[growhub.themepul.com/wp-content/uploads/2024/01/3-150x150.jpg]
[growhub.themepul.com/product/latest-cpu/index.html]
[growhub.themepul.com/shop/index0fbf.html]
[growhub.themepul.com/wp-json/wp/v2/product/5009.json]
[growhub.themepul.com/product/latest-cpu/index39c6.html]
[growhub.themepul.com/product/microphone-stand/feed/index.html]
[growhub.themepul.com/product/latest-cpu/indexa311.html]
[growhub.themepul.com/wp-json/oembed/1.0/embedad77.json]
[growhub.themepul.com/product/latest-cpu/index0935.html]
[growhub.themepul.com/wp-content/uploads/2024/01/13-150x150.jpg]
[growhub.themepul.com/product/microphone-stand/index.html]
[growhub.themepul.com/shop/indexa311.html]
[growhub.themepul.com/wp-json/oembed/1.0/embed3b9a]
[growhub.themepul.com/product/wireless-headphone/index.html]
[growhub.themepul.com/product/microphone-stand/index3229.html]
[growhub.themepul.com/shop/indexd8e2.html]
[growhub.themepul.com/product/microphone-stand/index9938.html]
[growhub.themepul.com/product/microphone-stand/indexa056.html]
[growhub.themepul.com/wp-json/wp/v2/product/5019.json]
[growhub.themepul.com/product/smart-phone/feed/index.html]
[growhub.themepul.com/wp-json/oembed/1.0/embed5402.json]
[growhub.themepul.com/product/smart-phone/index.html]
[growhub.themepul.com/wp-json/oembed/1.0/embed8581]
[growhub.themepul.com/wp-content/uploads/2024/01/1-300x300.jpg]
[growhub.themepul.com/shop/indexa056.html]
[growhub.themepul.com/product/smart-phone/index6336.html]
[growhub.themepul.com/product/smart-phone/index0fbf.html]
[growhub.themepul.com/wp-json/wp/v2/product/5011.json]
[growhub.themepul.com/product/smart-watch-10/feed/index.html]
[growhub.themepul.com/product/smart-phone/index0935.html]
[growhub.themepul.com/wp-json/oembed/1.0/embedf49b.json]
[growhub.themepul.com/product/smart-watch-10/index.html]
[growhub.themepul.com/wp-json/oembed/1.0/embed8ea9]
[growhub.themepul.com/shop/indexdc4c.html]
[growhub.themepul.com/wp-json/wp/v2/product/4970.json]
[growhub.themepul.com/product/symphony-sound-pro/feed/index.html]
[growhub.themepul.com/product/smart-watch-10/index9938.html]
[growhub.themepul.com/wp-json/oembed/1.0/embed5cdf.json]
[growhub.themepul.com/product/smart-watch-10/index3229.html]
[growhub.themepul.com/wp-json/oembed/1.0/embede503]
[growhub.themepul.com/wp-content/uploads/2024/01/9-300x300.jpg]
[growhub.themepul.com/product/symphony-sound-pro/index.html]
[growhub.themepul.com/product/smart-watch-10/index6336.html]
[growhub.themepul.com/shop/index0935.html]
[growhub.themepul.com/product/symphony-sound-pro/index0935.html]
[growhub.themepul.com/product/symphony-sound-pro/index6336.html]
[growhub.themepul.com/wp-json/wp/v2/product/5017.json]
[growhub.themepul.com/product/wifi-speker/feed/index.html]
[growhub.themepul.com/product/wifi-speker/index.html]
[growhub.themepul.com/wp-json/oembed/1.0/embed2f77]
[growhub.themepul.com/wp-json/oembed/1.0/embed0f1f.json]
[growhub.themepul.com/product/symphony-sound-pro/index5ff6.html]
[growhub.themepul.com/wp-content/uploads/2024/01/3-300x300.jpg]
[growhub.themepul.com/shop/page/2/index.html]
[growhub.themepul.com/product/wifi-speker/index9938.html]
[growhub.themepul.com/product/wifi-speker/indexdc4c.html]
[growhub.themepul.com/product/wifi-speker/index5ff6.html]
[growhub.themepul.com/wp-json/wp/v2/product_tag/71.json]
[growhub.themepul.com/product-tag/1tb/index.html]
[growhub.themepul.com/product-tag/1tb/feed/index.html]
[growhub.themepul.com/shop/page/2/index3229.html]
[growhub.themepul.com/wp-json/wp/v2/product_tag/76.json]
[growhub.themepul.com/product-tag/camara/index.html]
[growhub.themepul.com/product-tag/camara/feed/index.html]
[growhub.themepul.com/wp-json/wp/v2/product_tag/67.json]
[growhub.themepul.com/product-tag/cooling-fan/index.html]
[growhub.themepul.com/product-tag/cooling-fan/feed/index.html]
[growhub.themepul.com/product-tag/camara/index6336.html]
[growhub.themepul.com/wp-json/wp/v2/product_tag/59.json]
[growhub.themepul.com/product-tag/cpu/index.html]
[growhub.themepul.com/product-tag/1tb/index5206.html]
[growhub.themepul.com/product-tag/cpu/feed/index.html]
[growhub.themepul.com/product-tag/cooling-fan/index39c6.html]
[growhub.themepul.com/wp-json/wp/v2/product_tag/65.json]
[growhub.themepul.com/product-tag/digital/index.html]
[growhub.themepul.com/product-tag/digital/feed/index.html]
[growhub.themepul.com/product-tag/cpu/index78d0.html]
[growhub.themepul.com/wp-json/wp/v2/product_tag/75.json]
[growhub.themepul.com/product-tag/digital-camara/index.html]
[growhub.themepul.com/product-tag/digital-camara/feed/index.html]
[growhub.themepul.com/wp-json/wp/v2/product_tag/68.json]
[growhub.themepul.com/product-tag/fan/index.html]
[growhub.themepul.com/product-tag/fan/feed/index.html]
[growhub.themepul.com/product-tag/digital/index5ff6.html]
[growhub.themepul.com/wp-json/wp/v2/product_tag/51.json]
[growhub.themepul.com/product-tag/headphone/index.html]
[growhub.themepul.com/product-tag/digital-camara/index6336.html]
[growhub.themepul.com/product-tag/headphone/feed/index.html]
[growhub.themepul.com/product-tag/fan/index39c6.html]
[growhub.themepul.com/product-tag/headphone/index9938.html]
[growhub.themepul.com/wp-json/wp/v2/product_tag/64.json]
[growhub.themepul.com/product-tag/ips/index.html]
[growhub.themepul.com/product-tag/headphone/index0fbf.html]
[growhub.themepul.com/product-tag/headphone/indexd8e2.html]
[growhub.themepul.com/product-tag/headphone/indexa311.html]
[growhub.themepul.com/product-tag/headphone/indexdc4c.html]
[growhub.themepul.com/wp-json/wp/v2/product_tag/66.json]
[growhub.themepul.com/product-tag/latest/index.html]
[growhub.themepul.com/product-tag/ips/feed/index.html]
[growhub.themepul.com/product-tag/latest/feed/index.html]
[growhub.themepul.com/product-tag/headphone/index3229.html]
[growhub.themepul.com/product-tag/ips/index5ff6.html]
[growhub.themepul.com/product-tag/headphone/index0935.html]
[growhub.themepul.com/wp-json/wp/v2/product_tag/61.json]
[growhub.themepul.com/product-tag/monitor/index.html]
[growhub.themepul.com/product-tag/monitor/feed/index.html]
[growhub.themepul.com/product-tag/pc/feed/index.html]
[growhub.themepul.com/product-tag/latest/index5ff6.html]
[growhub.themepul.com/product-tag/monitor/index78d0.html]
[growhub.themepul.com/wp-json/wp/v2/product_tag/69.json]
[growhub.themepul.com/product-tag/pc/index.html]
[growhub.themepul.com/product-tag/phone/feed/index.html]
[growhub.themepul.com/wp-json/wp/v2/product_tag/52.json]
[growhub.themepul.com/product-tag/phone/index.html]
[growhub.themepul.com/product-tag/pc/index39c6.html]
[growhub.themepul.com/product-tag/phone/indexd8e2.html]
[growhub.themepul.com/product-tag/phone/index0fbf.html]
[growhub.themepul.com/product-tag/phone/index9938.html]
[growhub.themepul.com/wp-json/wp/v2/product_tag/63.json]
[growhub.themepul.com/product-tag/power-supply/index.html]
[growhub.themepul.com/product-tag/power-supply/feed/index.html]
[growhub.themepul.com/product-tag/phone/indexdc4c.html]
[growhub.themepul.com/product-tag/phone/index0935.html]
[growhub.themepul.com/product-tag/phone/index3229.html]
[growhub.themepul.com/product-tag/power-supply/indexa311.html]
[growhub.themepul.com/wp-json/wp/v2/product_tag/60.json]
[growhub.themepul.com/product-tag/processor/index.html]
[growhub.themepul.com/product-tag/processor/feed/index.html]
[growhub.themepul.com/wp-json/wp/v2/product_tag/74.json]
[growhub.themepul.com/product-tag/smart/index.html]
[growhub.themepul.com/product-tag/smart/feed/index.html]
[growhub.themepul.com/wp-json/wp/v2/product_tag/58.json]
[growhub.themepul.com/product-tag/smart-phone/index.html]
[growhub.themepul.com/product-tag/processor/indexa311.html]
[growhub.themepul.com/product-tag/smart/indexa056.html]
[growhub.themepul.com/product-tag/smart-phone/feed/index.html]
[growhub.themepul.com/product-tag/processor/index78d0.html]
[growhub.themepul.com/product-tag/smart-watch/feed/index.html]
[growhub.themepul.com/wp-json/wp/v2/product_tag/72.json]
[growhub.themepul.com/product-tag/smart-watch/index.html]
[growhub.themepul.com/product-tag/smart-phone/indexd8e2.html]
[growhub.themepul.com/wp-json/wp/v2/product_tag/62.json]
[growhub.themepul.com/product-tag/speker/index.html]
[growhub.themepul.com/product-tag/speker/feed/index.html]
[growhub.themepul.com/product-tag/smart-watch/indexa056.html]
[growhub.themepul.com/wp-json/wp/v2/product_tag/70.json]
[growhub.themepul.com/product-tag/ssd/index.html]
[growhub.themepul.com/product-tag/ssd/feed/index.html]
[growhub.themepul.com/product-tag/speker/index0935.html]
[growhub.themepul.com/wp-json/wp/v2/product_tag/73.json]
[growhub.themepul.com/product-tag/watch/index.html]
[growhub.themepul.com/wp-content/plugins/woocommerce/assets/js/frontend/single-product.min9b80.js]
[growhub.themepul.com/indexce3a.html]
[growhub.themepul.com/product-tag/watch/feed/index.html]
[growhub.themepul.com/wp-json/wp/v2/product_cat/49.json]
[growhub.themepul.com/product-category/head-phone/index.html]
[growhub.themepul.com/product-tag/ssd/index5206.html]
[growhub.themepul.com/product-category/head-phone/feed/index.html]
[growhub.themepul.com/product-tag/watch/indexa056.html]
[growhub.themepul.com/wp-json/wp/v2/product_cat/50.json]
[growhub.themepul.com/product-category/phone/index.html]
[growhub.themepul.com/product-category/head-phone/index9938.html]
[growhub.themepul.com/product-category/head-phone/index5ff6.html]
[growhub.themepul.com/product/power-supply/index6336.html]
[growhub.themepul.com/product-category/head-phone/index0fbf.html]
[growhub.themepul.com/product-category/head-phone/indexa311.html]
[growhub.themepul.com/product/power-supply/index9938.html]
[growhub.themepul.com/product-category/head-phone/index5206.html]
[growhub.themepul.com/product-category/head-phone/indexd8e2.html]
[growhub.themepul.com/product/power-supply/index78d0.html]
[growhub.themepul.com/product-category/head-phone/index3229.html]
[growhub.themepul.com/product-category/head-phone/indexdc4c.html]
[growhub.themepul.com/product-category/phone/feed/index.html]
[growhub.themepul.com/wp-includes/js/comment-reply.min84fc.js]
[growhub.themepul.com/product-category/phone/index6336.html]
[growhub.themepul.com/product-category/phone/indexa311.html]
[growhub.themepul.com/wp-content/plugins/woocommerce/assets/css/select29b80.css]
[growhub.themepul.com/product-category/phone/indexd8e2.html]
[growhub.themepul.com/product-category/phone/index3229.html]
[growhub.themepul.com/wp-content/plugins/woocommerce/assets/js/selectWoo/selectWoo.full.min3204.js]
[growhub.themepul.com/product/power-supply/index0935.html]
[growhub.themepul.com/product/power-supply/index5206.html]
[growhub.themepul.com/index1919.html]
[growhub.themepul.com/product/power-supply/indexd8e2.html]
[growhub.themepul.com/wp-includes/js/zxcvbn-async.min5152.js]
[growhub.themepul.com/product/power-supply/index5ff6.html]
[growhub.themepul.com/wp-includes/js/dist/vendor/wp-polyfill-inert.min0226.js]
[growhub.themepul.com/wp-includes/js/dist/vendor/regenerator-runtime.min6c85.js]
[growhub.themepul.com/wp-includes/js/dist/hooks.min2ebd.js]
[growhub.themepul.com/wp-includes/js/dist/i18n.minf92f.js]
[growhub.themepul.com/wp-includes/js/dist/vendor/wp-polyfill.min2c7c.js]
[growhub.themepul.com/product-category/phone/indexdc4c.html]
[growhub.themepul.com/wp-admin/js/password-strength-meter.min84fc.js]
[growhub.themepul.com/my-account/lost-password/index.html]
[growhub.themepul.com/wp-content/plugins/woocommerce/assets/js/frontend/country-select.min9b80.js]
[growhub.themepul.com/wp-content/plugins/woocommerce/assets/js/frontend/address-i18n.min9b80.js]
[growhub.themepul.com/wp-content/plugins/woocommerce/assets/js/frontend/cart.min9b80.js]
[growhub.themepul.com/index4488.html]
[growhub.themepul.com/wp-content/plugins/woocommerce/assets/js/frontend/password-strength-meter.min9b80.js]
[growhub.themepul.com/wp-json/wp/v2/posts/33.json]
[growhub.themepul.com/adapting-to-change-in-a-fast-paced-world/feed/index.html]
[growhub.themepul.com/product-category/phone/index5206.html]
[growhub.themepul.com/wp-json/oembed/1.0/embed4517.json]
[growhub.themepul.com/adapting-to-change-in-a-fast-paced-world/index.html]
[growhub.themepul.com/wp-json/oembed/1.0/embed9e7b]
[growhub.themepul.com/wp-json/wp/v2/posts/32.json]
[growhub.themepul.com/raising-the-bar-in-corporate-service-standards/feed/index.html]
[growhub.themepul.com/tag/paced/index.html]
[growhub.themepul.com/wp-json/oembed/1.0/embed0765.json]
[growhub.themepul.com/raising-the-bar-in-corporate-service-standards/index.html]
[growhub.themepul.com/wp-json/oembed/1.0/embed9872]
[growhub.themepul.com/wp-json/wp/v2/categories/4.json]
[growhub.themepul.com/category/corporate/index.html]
[growhub.themepul.com/category/corporate/feed/index.html]
[growhub.themepul.com/strategies-for-employee-health-and-productivity/feed/index.html]
[growhub.themepul.com/wp-json/wp/v2/posts/30.json]
[growhub.themepul.com/wp-json/oembed/1.0/embed0d6e.json]
[growhub.themepul.com/strategies-for-employee-health-and-productivity/index.html]
[growhub.themepul.com/wp-json/oembed/1.0/embed1c07]
[growhub.themepul.com/trends-shaping-corporate-decision-making/feed/index.html]
[growhub.themepul.com/wp-json/wp/v2/posts/29.json]
[growhub.themepul.com/wp-json/oembed/1.0/embed5064.json]
[growhub.themepul.com/trends-shaping-corporate-decision-making/index.html]
[growhub.themepul.com/blog/page/2/index.html]
[growhub.themepul.com/wp-json/oembed/1.0/embed71cc]
[growhub.themepul.com/tag/adapting/feed/index.html]
[growhub.themepul.com/tag/making/index.html]
[growhub.themepul.com/wp-json/wp/v2/tags/25.json]
[growhub.themepul.com/tag/adapting/index.html]
[growhub.themepul.com/tag/decision/index.html]
[growhub.themepul.com/wp-json/wp/v2/tags/26.json]
[growhub.themepul.com/tag/change/index.html]
[growhub.themepul.com/tag/change/feed/index.html]
[growhub.themepul.com/tag/guide/feed/index.html]
[growhub.themepul.com/wp-json/wp/v2/tags/21.json]
[growhub.themepul.com/tag/guide/index.html]
[growhub.themepul.com/wp-json/wp/v2/tags/19.json]
[growhub.themepul.com/tag/health/index.html]
[growhub.themepul.com/tag/health/feed/index.html]
[growhub.themepul.com/tag/project/feed/index.html]
[growhub.themepul.com/wp-json/wp/v2/tags/8.json]
[growhub.themepul.com/tag/project/index.html]
[growhub.themepul.com/wp-json/wp/v2/tags/22.json]
[growhub.themepul.com/tag/raising/index.html]
[growhub.themepul.com/tag/raising/feed/index.html]
[growhub.themepul.com/wp-json/wp/v2/tags/23.json]
[growhub.themepul.com/tag/service/index.html]
[growhub.themepul.com/tag/project/page/2/index.html]
[growhub.themepul.com/tag/service/feed/index.html]
[growhub.themepul.com/wp-json/wp/v2/tags/18.json]
[growhub.themepul.com/tag/shaping/index.html]
[growhub.themepul.com/wp-json/wp/v2/tags/5.json]
[growhub.themepul.com/tag/startup/index.html]
[growhub.themepul.com/tag/shaping/feed/index.html]
[growhub.themepul.com/tag/startup/feed/index.html]
[growhub.themepul.com/wp-json/wp/v2/tags/20.json]
[growhub.themepul.com/tag/strategies/index.html]
[growhub.themepul.com/tag/strategies/feed/index.html]
[growhub.themepul.com/wp-json/wp/v2/tags/7.json]
[growhub.themepul.com/tag/video/index.html]
[growhub.themepul.com/tag/startup/page/2/index.html]
[growhub.themepul.com/wp-json/wp/v2/tags/24.json]
[growhub.themepul.com/tag/world/index.html]
[growhub.themepul.com/tag/world/feed/index.html]
[growhub.themepul.com/tag/video/feed/index.html]
[growhub.themepul.com/wp-json/wp/v2/categories/9.json]
[growhub.themepul.com/category/study/index.html]
[growhub.themepul.com/indexc7e3.html]
[growhub.themepul.com/xmlrpc.php]
[growhub.themepul.com/category/study/feed/index.html]
[growhub.themepul.com/tag/video/page/2/index.html]
[growhub.themepul.com/author/admin/index.html]
[growhub.themepul.com/wp-content/uploads/elementor/css/post-1552fafe.css]
[growhub.themepul.com/index348c.html]
[growhub.themepul.com/wp-content/uploads/elementor/css/post-1044a551.css]
[growhub.themepul.com/index13b6.html]
[growhub.themepul.com/wp-content/uploads/elementor/css/post-10478e4e.css]
[growhub.themepul.com/indexa741.html]
[growhub.themepul.com/wp-content/uploads/elementor/css/post-9729518.css]
[growhub.themepul.com/indexf843.html]
[growhub.themepul.com/wp-content/uploads/elementor/css/post-9684ce.css]
[growhub.themepul.com/index6f72.html]
[growhub.themepul.com/wp-content/uploads/elementor/css/post-14720b7.css]
[growhub.themepul.com/index2fa7.html]
[growhub.themepul.com/wp-content/uploads/elementor/css/post-148044e.css]
[growhub.themepul.com/indexa36b.html]
[growhub.themepul.com/wp-content/uploads/elementor/css/post-1495407.css]
[growhub.themepul.com/index8bc8.html]
[growhub.themepul.com/index0b69.html]
[growhub.themepul.com/wp-json/wp/v2/users/1.json]
[growhub.themepul.com/author/admin/feed/index.html]
[growhub.themepul.com/wp-json/wp/v2/tags/6.json]
[growhub.themepul.com/tag/clients/index.html]
[growhub.themepul.com/tag/clients/feed/index.html]
[growhub.themepul.com/proven-strategies-for-sustainable-growth/feed/index.html]
[growhub.themepul.com/author/admin/page/2/index.html]
[growhub.themepul.com/wp-json/wp/v2/posts/28.json]
[growhub.themepul.com/wp-json/oembed/1.0/embeddc8e.json]
[growhub.themepul.com/proven-strategies-for-sustainable-growth/index.html]
[growhub.themepul.com/index88b9.html]
[growhub.themepul.com/wp-json/oembed/1.0/embed2116]
[growhub.themepul.com/wp-json/wp/v2/tags/12.json]
[growhub.themepul.com/tag/meeting/index.html]
[growhub.themepul.com/index1c4a.html]
[growhub.themepul.com/tag/meeting/feed/index.html]
[growhub.themepul.com/tag/proven/index.html]
[growhub.themepul.com/tag/study/feed/index.html]
[growhub.themepul.com/wp-json/wp/v2/tags/13.json]
[growhub.themepul.com/tag/study/index.html]
[growhub.themepul.com/wp-content/uploads/2023/11/footer-shape.svg]
[growhub.themepul.com/-negative.html]
[growhub.themepul.com/OPR/index.html]
[growhub.themepul.com/wp-content/uploads/2023/12/service-boxs.svg]
[growhub.themepul.com/wp-content/uploads/2023/12/telephone-svg.svg]
[growhub.themepul.com/wp-content/uploads/2023/12/EXPARINCE.svg]
[growhub.themepul.com/wp-content/uploads/elementor/css/post-10469189.css]
[growhub.themepul.com/index504e.html]
[growhub.themepul.com/wp-content/uploads/2023/11/ft-shape.svg]
[growhub.themepul.com/wp-content/uploads/elementor/css/post-10451d75.css]
[growhub.themepul.com/index44b6.html]
[growhub.themepul.com/wp-content/uploads/elementor/css/post-1506a16.css]
[growhub.themepul.com/index56d6.html]
[growhub.themepul.com/wp-content/uploads/elementor/css/post-151d3bb.css]
[growhub.themepul.com/indexe539.html]
[growhub.themepul.com/wp-content/uploads/elementor/css/post-152a16c.css]
[growhub.themepul.com/index1611.html]
[growhub.themepul.com/wp-content/uploads/elementor/css/post-153de07.css]
[growhub.themepul.com/indexd7d8.html]
[growhub.themepul.com/index657f.html]
[growhub.themepul.com/tag/growth/index.html]
[growhub.themepul.com/wp-json/wp/v2/product_cat/56.json]
[growhub.themepul.com/product-category/processor/index.html]
[growhub.themepul.com/product-category/processor/feed/index.html]
[growhub.themepul.com/product-category/processor/index78d0.html]
[growhub.themepul.com/wp-json/wp/v2/product_cat/53.json]
[growhub.themepul.com/product-category/smart-phone/index.html]
[growhub.themepul.com/product-category/processor/index9938.html]
[growhub.themepul.com/product-category/processor/index39c6.html]
[growhub.themepul.com/product-category/smart-phone/feed/index.html]
[growhub.themepul.com/product-category/processor/indexa056.html]
[growhub.themepul.com/wp-json/wp/v2/product_cat/57.json]
[growhub.themepul.com/product-category/smart-watch/index.html]
[growhub.themepul.com/product-category/smart-phone/index9938.html]
[growhub.themepul.com/product-category/smart-phone/index6336.html]
[growhub.themepul.com/product/14th-g-motherboard/index5ff6.html]
[growhub.themepul.com/product-category/smart-phone/index5ff6.html]
[growhub.themepul.com/product-category/smart-phone/index0fbf.html]
[growhub.themepul.com/product/14th-g-motherboard/indexd8e2.html]
[growhub.themepul.com/product-category/smart-watch/feed/index.html]
[growhub.themepul.com/product-category/smart-phone/indexa056.html]
[growhub.themepul.com/product-category/smart-phone/index3229.html]
[growhub.themepul.com/product/14th-g-motherboard/indexa311.html]
[growhub.themepul.com/product-category/smart-watch/index9938.html]
[growhub.themepul.com/product-category/smart-watch/index6336.html]
[growhub.themepul.com/indexe389.html]
[growhub.themepul.com/product-category/smart-watch/index3229.html]
[growhub.themepul.com/product-category/smart-watch/indexa056.html]
[growhub.themepul.com/product/1tb-m2-ssl/indexdc4c.html]
[growhub.themepul.com/product/14th-g-motherboard/index39c6.html]
[growhub.themepul.com/product/14th-g-motherboard/index78d0.html]
[growhub.themepul.com/product/1tb-m2-ssl/index0fbf.html]
[growhub.themepul.com/product/14th-g-motherboard/index6336.html]
[growhub.themepul.com/product/14th-g-motherboard/index3229.html]
[growhub.themepul.com/product/1tb-m2-ssl/index9938.html]
[growhub.themepul.com/product/14th-g-motherboard/index0fbf.html]
[growhub.themepul.com/product/1tb-m2-ssl/index3229.html]
[growhub.themepul.com/index91cb.html]
[growhub.themepul.com/product/1tb-m2-ssl/indexa311.html]
[growhub.themepul.com/product/14th-g-motherboard/index5206.html]
[growhub.themepul.com/product/1tb-m2-ssl/index5ff6.html]
[growhub.themepul.com/product/1tb-m2-ssl/index6336.html]
[growhub.themepul.com/wp-json/wp/v2/product_cat/54.json]
[growhub.themepul.com/product-category/latest-cpu/index.html]
[growhub.themepul.com/product-category/latest-cpu/feed/index.html]
[growhub.themepul.com/product-category/latest-cpu/index39c6.html]
[growhub.themepul.com/product-category/latest-cpu/index78d0.html]
[growhub.themepul.com/wp-json/wp/v2/product_cat/55.json]
[growhub.themepul.com/product-category/speker/index.html]
[growhub.themepul.com/product-category/latest-cpu/index5ff6.html]
[growhub.themepul.com/product-category/latest-cpu/index0fbf.html]
[growhub.themepul.com/product/cooling-fan/index0fbf.html]
[growhub.themepul.com/product-category/speker/feed/index.html]
[growhub.themepul.com/product-category/latest-cpu/index0935.html]
[growhub.themepul.com/product-category/speker/index39c6.html]
[growhub.themepul.com/product/cooling-fan/index5ff6.html]
[growhub.themepul.com/product-category/speker/index0935.html]
[growhub.themepul.com/product/cooling-fan/index0935.html]
[growhub.themepul.com/indexd9bb.html]
[growhub.themepul.com/product/digital-camara-v5/index9938.html]
[growhub.themepul.com/product-category/speker/index78d0.html]
[growhub.themepul.com/product/digital-camara-v5/index5ff6.html]
[growhub.themepul.com/product/cooling-fan/indexa056.html]
[growhub.themepul.com/product/cooling-fan/index78d0.html]
[growhub.themepul.com/product/digital-camara-v5/indexa311.html]
[growhub.themepul.com/product/digital-camara-v5/indexd8e2.html]
[growhub.themepul.com/product/digital-camara-v5/index5206.html]
[growhub.themepul.com/indexbd08.html]
[growhub.themepul.com/product/symphony-sound-pro-20/index0fbf.html]
[growhub.themepul.com/product/digital-camara-v5/index3229.html]
[growhub.themepul.com/product/symphony-sound-pro-20/indexdc4c.html]
[growhub.themepul.com/product/digital-camara-v5/index0fbf.html]
[growhub.themepul.com/product/digital-camara-v5/indexa056.html]
[growhub.themepul.com/product/symphony-sound-pro-20/index3229.html]
[growhub.themepul.com/product/symphony-sound-pro-20/index9938.html]
[growhub.themepul.com/product/symphony-sound-pro-20/indexd8e2.html]
[growhub.themepul.com/product/symphony-sound-pro-20/indexa311.html]
[growhub.themepul.com/indexb139.html]
[growhub.themepul.com/product/latest-cpu/indexa311.html]
[growhub.themepul.com/product/symphony-sound-pro-20/index6336.html]
[growhub.themepul.com/product/symphony-sound-pro-20/index0935.html]
[growhub.themepul.com/product/latest-cpu/index39c6.html]
[growhub.themepul.com/product/latest-cpu/index0935.html]
[growhub.themepul.com/product/symphony-sound-pro-20/index78d0.html]
[growhub.themepul.com/index1863.html]
[growhub.themepul.com/product/microphone-stand/index3229.html]
[growhub.themepul.com/product/latest-cpu/indexa056.html]
[growhub.themepul.com/product/latest-cpu/index5ff6.html]
[growhub.themepul.com/product/latest-cpu/index9938.html]
[growhub.themepul.com/product/microphone-stand/index5206.html]
[growhub.themepul.com/product/microphone-stand/index5ff6.html]
[growhub.themepul.com/wp-json/wp/v2/product/5020.json]
[growhub.themepul.com/product/wireless-headphone/feed/index.html]
[growhub.themepul.com/wp-json/oembed/1.0/embeda907.json]
[growhub.themepul.com/product/microphone-stand/index6336.html]
[growhub.themepul.com/wp-json/oembed/1.0/embedb6bb]
[growhub.themepul.com/product/wireless-headphone/index.html]
[growhub.themepul.com/product/microphone-stand/indexa056.html]
[growhub.themepul.com/product/wireless-headphone/indexdc4c.html]
[growhub.themepul.com/product/microphone-stand/index9938.html]
[growhub.themepul.com/product/microphone-stand/indexa311.html]
[growhub.themepul.com/index2ff8.html]
[growhub.themepul.com/product/smart-phone/index0fbf.html]
[growhub.themepul.com/product/wireless-headphone/index5ff6.html]
[growhub.themepul.com/product/smart-phone/index0935.html]
[growhub.themepul.com/product/wireless-headphone/index9938.html]
[growhub.themepul.com/product/microphone-stand/indexdc4c.html]
[growhub.themepul.com/product/smart-phone/index6336.html]
[growhub.themepul.com/index588c.html]
[growhub.themepul.com/product/smart-watch-10/index9938.html]
[growhub.themepul.com/product/smart-phone/index5206.html]
[growhub.themepul.com/product/smart-phone/index5ff6.html]
[growhub.themepul.com/product/smart-watch-10/index6336.html]
[growhub.themepul.com/product/smart-phone/indexa311.html]
[growhub.themepul.com/product/smart-watch-10/index3229.html]
[growhub.themepul.com/product/smart-watch-10/index0fbf.html]
[growhub.themepul.com/index612a.html]
[growhub.themepul.com/product/symphony-sound-pro/index6336.html]
[growhub.themepul.com/product/smart-watch-10/index5ff6.html]
[growhub.themepul.com/product/symphony-sound-pro/index0935.html]
[growhub.themepul.com/product/smart-watch-10/index78d0.html]
[growhub.themepul.com/product/smart-watch-10/index39c6.html]
[growhub.themepul.com/product/symphony-sound-pro/index5ff6.html]
[growhub.themepul.com/product/symphony-sound-pro/index0fbf.html]
[growhub.themepul.com/product/symphony-sound-pro/index5206.html]
[growhub.themepul.com/index3179.html]
[growhub.themepul.com/product/wifi-speker/index9938.html]
[growhub.themepul.com/product/symphony-sound-pro/index3229.html]
[growhub.themepul.com/product/wifi-speker/indexdc4c.html]
[growhub.themepul.com/product/symphony-sound-pro/indexa311.html]
[growhub.themepul.com/product/symphony-sound-pro/index9938.html]
[growhub.themepul.com/product/wifi-speker/index5ff6.html]
[growhub.themepul.com/product/wifi-speker/index39c6.html]
[growhub.themepul.com/product/wifi-speker/indexa311.html]
[growhub.themepul.com/shop/page/2/index3229.html]
[growhub.themepul.com/product/wifi-speker/index3229.html]
[growhub.themepul.com/shop/page/1/index.html]
[growhub.themepul.com/product-tag/1tb/index5206.html]
[growhub.themepul.com/product-tag/camara/index6336.html]
[growhub.themepul.com/product-tag/cooling-fan/index39c6.html]
[growhub.themepul.com/product-tag/cpu/index78d0.html]
[growhub.themepul.com/product-tag/digital/index5ff6.html]
[growhub.themepul.com/product-tag/digital-camara/index6336.html]
[growhub.themepul.com/product-tag/fan/index39c6.html]
[growhub.themepul.com/product-tag/headphone/index9938.html]
[growhub.themepul.com/product-tag/headphone/index0fbf.html]
[growhub.themepul.com/product-tag/headphone/indexa311.html]
[growhub.themepul.com/product-tag/headphone/indexd8e2.html]
[growhub.themepul.com/product-tag/headphone/indexdc4c.html]
[growhub.themepul.com/product-tag/headphone/index0935.html]
[growhub.themepul.com/product-tag/headphone/index3229.html]
[growhub.themepul.com/product-tag/ips/index5ff6.html]
[growhub.themepul.com/product-tag/latest/index5ff6.html]
[growhub.themepul.com/product-tag/monitor/index78d0.html]
[growhub.themepul.com/product-tag/pc/index39c6.html]
[growhub.themepul.com/product-tag/phone/index9938.html]
[growhub.themepul.com/product-tag/phone/index0fbf.html]
[growhub.themepul.com/product-tag/phone/indexd8e2.html]
[growhub.themepul.com/product-tag/phone/indexdc4c.html]
[growhub.themepul.com/product-tag/phone/index0935.html]
[growhub.themepul.com/product-tag/phone/index3229.html]
[growhub.themepul.com/product-tag/power-supply/indexa311.html]
[growhub.themepul.com/product-tag/processor/index78d0.html]
[growhub.themepul.com/product-tag/processor/indexa311.html]
[growhub.themepul.com/product-tag/smart/indexa056.html]
[growhub.themepul.com/product-tag/smart-phone/indexd8e2.html]
[growhub.themepul.com/product-tag/smart-watch/indexa056.html]
[growhub.themepul.com/product-tag/speker/index0935.html]
[growhub.themepul.com/product-tag/ssd/index5206.html]
[growhub.themepul.com/product-tag/watch/indexa056.html]
[growhub.themepul.com/product-category/head-phone/index9938.html]
[growhub.themepul.com/product-category/head-phone/index5206.html]
[growhub.themepul.com/product-category/head-phone/index5ff6.html]
[growhub.themepul.com/product-category/head-phone/index0fbf.html]
[growhub.themepul.com/product-category/head-phone/indexa311.html]
[growhub.themepul.com/product-category/head-phone/indexd8e2.html]
[growhub.themepul.com/product-category/head-phone/indexdc4c.html]
[growhub.themepul.com/product-category/head-phone/index3229.html]
[growhub.themepul.com/product-category/phone/index5206.html]
[growhub.themepul.com/product-category/phone/index6336.html]
[growhub.themepul.com/product-category/phone/indexa311.html]
[growhub.themepul.com/product-category/phone/indexd8e2.html]
[growhub.themepul.com/product-category/phone/indexdc4c.html]
[growhub.themepul.com/product-category/phone/index3229.html]
[growhub.themepul.com/product/power-supply/index0935.html]
[growhub.themepul.com/product/wifi-speker/index78d0.html]
[growhub.themepul.com/product/power-supply/index5206.html]
[growhub.themepul.com/product/power-supply/indexd8e2.html]
[growhub.themepul.com/product/power-supply/index5ff6.html]
[growhub.themepul.com/product/wifi-speker/indexd8e2.html]
[growhub.themepul.com/wp-includes/js/zxcvbn-async.min5152.js]
[growhub.themepul.com/wp-includes/js/dist/vendor/wp-polyfill-inert.min0226.js]
[growhub.themepul.com/wp-includes/js/dist/vendor/regenerator-runtime.min6c85.js]
[growhub.themepul.com/wp-includes/js/dist/vendor/wp-polyfill.min2c7c.js]
[growhub.themepul.com/wp-includes/js/dist/hooks.min2ebd.js]
[growhub.themepul.com/wp-includes/js/dist/i18n.minf92f.js]
[growhub.themepul.com/wp-admin/js/password-strength-meter.min84fc.js]
[growhub.themepul.com/wp-content/plugins/woocommerce/assets/js/frontend/password-strength-meter.min9b80.js]
[growhub.themepul.com/wp-content/plugins/woocommerce/assets/js/frontend/lost-password.min9b80.js]
[growhub.themepul.com/indexdd23.html]
[growhub.themepul.com/product/wifi-speker/index0fbf.html]
[growhub.themepul.com/product/power-supply/indexdc4c.html]
[growhub.themepul.com/product/power-supply/index0fbf.html]
[growhub.themepul.com/wp-json/wp/v2/tags/27.json]
[growhub.themepul.com/tag/paced/index.html]
[growhub.themepul.com/index6c46.html]
[growhub.themepul.com/index5643.html]
[growhub.themepul.com/index9cd7.html]
[growhub.themepul.com/tag/paced/feed/index.html]
[growhub.themepul.com/wp-json/wp/v2/tags/17.json]
[growhub.themepul.com/tag/decision/index.html]
[growhub.themepul.com/tag/decision/feed/index.html]
[growhub.themepul.com/tag/making/feed/index.html]
[growhub.themepul.com/wp-json/wp/v2/tags/16.json]
[growhub.themepul.com/tag/making/index.html]
[growhub.themepul.com/tag/project/page/2/index.html]
[growhub.themepul.com/tag/startup/page/2/index.html]
[growhub.themepul.com/tag/video/page/2/index.html]
[growhub.themepul.com/author/admin/page/2/index.html]
[growhub.themepul.com/index3c55.html]
[growhub.themepul.com/tag/growth/feed/index.html]
[growhub.themepul.com/wp-json/wp/v2/tags/14.json]
[growhub.themepul.com/tag/growth/index.html]
[growhub.themepul.com/wp-json/wp/v2/tags/15.json]
[growhub.themepul.com/tag/proven/index.html]
[growhub.themepul.com/product-category/processor/index9938.html]
[growhub.themepul.com/product-category/processor/index39c6.html]
[growhub.themepul.com/product-category/processor/index78d0.html]
[growhub.themepul.com/product-category/processor/indexa056.html]
[growhub.themepul.com/product-category/smart-phone/index9938.html]
[growhub.themepul.com/product-category/smart-phone/index6336.html]
[growhub.themepul.com/product-category/smart-phone/index5ff6.html]
[growhub.themepul.com/product-category/smart-phone/index0fbf.html]
[growhub.themepul.com/product-category/smart-phone/indexa056.html]
[growhub.themepul.com/product-category/smart-phone/index3229.html]
[growhub.themepul.com/product-category/smart-watch/index9938.html]
[growhub.themepul.com/product-category/smart-watch/index6336.html]
[growhub.themepul.com/product-category/smart-watch/indexa056.html]
[growhub.themepul.com/product-category/smart-watch/index3229.html]
[growhub.themepul.com/product/14th-g-motherboard/index39c6.html]
[growhub.themepul.com/product/14th-g-motherboard/index78d0.html]
[growhub.themepul.com/product/14th-g-motherboard/index6336.html]
[growhub.themepul.com/product/14th-g-motherboard/index3229.html]
[growhub.themepul.com/tag/proven/feed/index.html]
[growhub.themepul.com/product/14th-g-motherboard/index0fbf.html]
[growhub.themepul.com/product/14th-g-motherboard/index5206.html]
[growhub.themepul.com/product/1tb-m2-ssl/index3229.html]
[growhub.themepul.com/product/1tb-m2-ssl/indexa311.html]
[growhub.themepul.com/product/14th-g-motherboard/index0935.html]
[growhub.themepul.com/product/1tb-m2-ssl/index5ff6.html]
[growhub.themepul.com/product/1tb-m2-ssl/index6336.html]
[growhub.themepul.com/product-category/latest-cpu/index39c6.html]
[growhub.themepul.com/product-category/latest-cpu/index5ff6.html]
[growhub.themepul.com/product-category/latest-cpu/index78d0.html]
[growhub.themepul.com/product-category/latest-cpu/index0fbf.html]
[growhub.themepul.com/product-category/latest-cpu/index0935.html]
[growhub.themepul.com/product-category/speker/index39c6.html]
[growhub.themepul.com/product-category/speker/index78d0.html]
[growhub.themepul.com/product-category/speker/index0935.html]
[growhub.themepul.com/product/cooling-fan/index78d0.html]
[growhub.themepul.com/product/cooling-fan/indexa056.html]
[growhub.themepul.com/product/14th-g-motherboard/indexdc4c.html]
[growhub.themepul.com/product/digital-camara-v5/indexd8e2.html]
[growhub.themepul.com/product/14th-g-motherboard/indexa056.html]
[growhub.themepul.com/product/digital-camara-v5/index5206.html]
[growhub.themepul.com/product/digital-camara-v5/index3229.html]
[growhub.themepul.com/product/digital-camara-v5/index0fbf.html]
[growhub.themepul.com/product/digital-camara-v5/indexa056.html]
[growhub.themepul.com/product/symphony-sound-pro-20/index3229.html]
[growhub.themepul.com/product/1tb-m2-ssl/indexd8e2.html]
[growhub.themepul.com/product/symphony-sound-pro-20/indexd8e2.html]
[growhub.themepul.com/product/digital-camara-v5/indexdc4c.html]
[growhub.themepul.com/product/cooling-fan/index9938.html]
[growhub.themepul.com/product/symphony-sound-pro-20/indexa311.html]
[growhub.themepul.com/product/symphony-sound-pro-20/index0935.html]
[growhub.themepul.com/product/symphony-sound-pro-20/index6336.html]
[growhub.themepul.com/product/symphony-sound-pro-20/index78d0.html]
[growhub.themepul.com/product/latest-cpu/indexa056.html]
[growhub.themepul.com/product/latest-cpu/index9938.html]
[growhub.themepul.com/product/latest-cpu/index5ff6.html]
[growhub.themepul.com/product/microphone-stand/index5206.html]
[growhub.themepul.com/product/microphone-stand/index5ff6.html]
[growhub.themepul.com/product/symphony-sound-pro-20/index5206.html]
[growhub.themepul.com/product/symphony-sound-pro-20/index39c6.html]
[growhub.themepul.com/product/microphone-stand/index6336.html]
[growhub.themepul.com/index317f.html]
[growhub.themepul.com/product/wireless-headphone/index9938.html]
[growhub.themepul.com/product/wireless-headphone/indexdc4c.html]
[growhub.themepul.com/product/symphony-sound-pro-20/indexa056.html]
[growhub.themepul.com/product/wireless-headphone/index5ff6.html]
[growhub.themepul.com/product/microphone-stand/index0935.html]
[growhub.themepul.com/product/wireless-headphone/index6336.html]
[growhub.themepul.com/product/microphone-stand/indexa311.html]
[growhub.themepul.com/product/wireless-headphone/indexa311.html]
[growhub.themepul.com/product/microphone-stand/indexdc4c.html]
[growhub.themepul.com/product/smart-phone/indexa311.html]
[growhub.themepul.com/product/wireless-headphone/indexa056.html]
[growhub.themepul.com/product/wireless-headphone/index5206.html]
[growhub.themepul.com/product/smart-phone/index5ff6.html]
[growhub.themepul.com/product/microphone-stand/index39c6.html]
[growhub.themepul.com/product/smart-phone/index5206.html]
[growhub.themepul.com/product/smart-watch-10/index0fbf.html]
[growhub.themepul.com/product/smart-watch-10/index39c6.html]
[growhub.themepul.com/product/smart-watch-10/index5ff6.html]
[growhub.themepul.com/product/smart-phone/index9938.html]
[growhub.themepul.com/product/smart-watch-10/index78d0.html]
[growhub.themepul.com/product/symphony-sound-pro/index0fbf.html]
[growhub.themepul.com/product/symphony-sound-pro/index3229.html]
[growhub.themepul.com/product/symphony-sound-pro/index5206.html]
[growhub.themepul.com/product/symphony-sound-pro/indexa311.html]
[growhub.themepul.com/product/symphony-sound-pro/index9938.html]
[growhub.themepul.com/product/wifi-speker/index39c6.html]
[growhub.themepul.com/product/wifi-speker/indexa311.html]
[growhub.themepul.com/product/wifi-speker/index3229.html]
[growhub.themepul.com/product/wifi-speker/index78d0.html]
[growhub.themepul.com/product/wifi-speker/indexd8e2.html]
[growhub.themepul.com/product/wifi-speker/index0fbf.html]
[growhub.themepul.com/product/power-supply/indexdc4c.html]
[growhub.themepul.com/product/power-supply/index0fbf.html]
[growhub.themepul.com/product/14th-g-motherboard/indexdc4c.html]
[growhub.themepul.com/product/14th-g-motherboard/indexa056.html]
[growhub.themepul.com/product/14th-g-motherboard/index0935.html]
[growhub.themepul.com/product/1tb-m2-ssl/indexd8e2.html]
[growhub.themepul.com/product/cooling-fan/index9938.html]
[growhub.themepul.com/product/digital-camara-v5/indexdc4c.html]
[growhub.themepul.com/product/symphony-sound-pro-20/index5206.html]
[growhub.themepul.com/product/symphony-sound-pro-20/index39c6.html]
[growhub.themepul.com/product/symphony-sound-pro-20/indexa056.html]
[growhub.themepul.com/product/microphone-stand/index0935.html]
[growhub.themepul.com/product/smart-phone/indexdc4c.html]
[growhub.themepul.com/product/wireless-headphone/index6336.html]
[growhub.themepul.com/product/smart-phone/index3229.html]
[growhub.themepul.com/product/wireless-headphone/indexa311.html]
[growhub.themepul.com/product/symphony-sound-pro/indexd8e2.html]
[growhub.themepul.com/product/wireless-headphone/indexa056.html]
[growhub.themepul.com/product/microphone-stand/indexd8e2.html]
[growhub.themepul.com/product/wireless-headphone/index5206.html]
[growhub.themepul.com/product/microphone-stand/index39c6.html]
[growhub.themepul.com/product/smart-phone/index9938.html]
[growhub.themepul.com/product/smart-phone/indexdc4c.html]
[growhub.themepul.com/product/smart-phone/index3229.html]
[growhub.themepul.com/product/symphony-sound-pro/indexd8e2.html]
[growhub.themepul.com/product/microphone-stand/indexd8e2.html]
[growhub.themepul.com/product/microphone-stand/index78d0.html]
[growhub.themepul.com/product/microphone-stand/index78d0.html]
[growhub.themepul.com/product/wireless-headphone/indexd8e2.html]
[growhub.themepul.com/product/wireless-headphone/indexd8e2.html]
[growhub.themepul.com/product/wireless-headphone/index0fbf.html]
[growhub.themepul.com/product/wireless-headphone/index0fbf.html]
[growhub.themepul.com/product/wireless-headphone/index0935.html]
[growhub.themepul.com/product/wireless-headphone/index0935.html]
